Archive member included to satisfy reference by file (symbol)

/opt/ST/STM32CubeCLT_1.21.0/GNU-tools-for-STM32/bin/../lib/gcc/arm-none-eabi/14.3.1/thumb/v7e-m+fp/hard/libgcc.a(_arm_addsubdf3.o)
                              CMakeFiles/Light_Sensor.dir/Core/Src/battery.c.obj (__aeabi_f2d)
/opt/ST/STM32CubeCLT_1.21.0/GNU-tools-for-STM32/bin/../lib/gcc/arm-none-eabi/14.3.1/thumb/v7e-m+fp/hard/libgcc.a(_aeabi_uldivmod.o)
                              cmake/stm32cubemx/CMakeFiles/STM32_Drivers.dir/__/__/Drivers/STM32L4xx_HAL_Driver/Src/stm32l4xx_hal_uart.c.obj (__aeabi_uldivmod)
/opt/ST/STM32CubeCLT_1.21.0/GNU-tools-for-STM32/bin/../lib/gcc/arm-none-eabi/14.3.1/thumb/v7e-m+fp/hard/libgcc.a(_udivmoddi4.o)
                              /opt/ST/STM32CubeCLT_1.21.0/GNU-tools-for-STM32/bin/../lib/gcc/arm-none-eabi/14.3.1/thumb/v7e-m+fp/hard/libgcc.a(_aeabi_uldivmod.o) (__udivmoddi4)
/opt/ST/STM32CubeCLT_1.21.0/GNU-tools-for-STM32/bin/../lib/gcc/arm-none-eabi/14.3.1/thumb/v7e-m+fp/hard/libgcc.a(_dvmd_tls.o)
                              /opt/ST/STM32CubeCLT_1.21.0/GNU-tools-for-STM32/bin/../lib/gcc/arm-none-eabi/14.3.1/thumb/v7e-m+fp/hard/libgcc.a(_aeabi_uldivmod.o) (__aeabi_ldiv0)
/opt/ST/STM32CubeCLT_1.21.0/GNU-tools-for-STM32/bin/../lib/gcc/arm-none-eabi/14.3.1/../../../../arm-none-eabi/lib/thumb/v7e-m+fp/hard/libg_nano.a(libc_a-exit.o)
                              /opt/ST/STM32CubeCLT_1.21.0/GNU-tools-for-STM32/bin/../lib/gcc/arm-none-eabi/14.3.1/../../../../arm-none-eabi/lib/thumb/v7e-m+fp/hard/crt0.o (exit)
/opt/ST/STM32CubeCLT_1.21.0/GNU-tools-for-STM32/bin/../lib/gcc/arm-none-eabi/14.3.1/../../../../arm-none-eabi/lib/thumb/v7e-m+fp/hard/libg_nano.a(libc_a-nano-vfprintf_float.o)
                              (_printf_float)
/opt/ST/STM32CubeCLT_1.21.0/GNU-tools-for-STM32/bin/../lib/gcc/arm-none-eabi/14.3.1/../../../../arm-none-eabi/lib/thumb/v7e-m+fp/hard/libg_nano.a(libc_a-nano-vfprintf_i.o)
                              /opt/ST/STM32CubeCLT_1.21.0/GNU-tools-for-STM32/bin/../lib/gcc/arm-none-eabi/14.3.1/../../../../arm-none-eabi/lib/thumb/v7e-m+fp/hard/libg_nano.a(libc_a-nano-vfprintf_float.o) (_printf_common)
/opt/ST/STM32CubeCLT_1.21.0/GNU-tools-for-STM32/bin/../lib/gcc/arm-none-eabi/14.3.1/../../../../arm-none-eabi/lib/thumb/v7e-m+fp/hard/libg_nano.a(libc_a-setvbuf.o)
                              CMakeFiles/Light_Sensor.dir/Core/Src/retarget.c.obj (setvbuf)
/opt/ST/STM32CubeCLT_1.21.0/GNU-tools-for-STM32/bin/../lib/gcc/arm-none-eabi/14.3.1/../../../../arm-none-eabi/lib/thumb/v7e-m+fp/hard/libg_nano.a(libc_a-findfp.o)
                              /opt/ST/STM32CubeCLT_1.21.0/GNU-tools-for-STM32/bin/../lib/gcc/arm-none-eabi/14.3.1/../../../../arm-none-eabi/lib/thumb/v7e-m+fp/hard/libg_nano.a(libc_a-exit.o) (__stdio_exit_handler)
/opt/ST/STM32CubeCLT_1.21.0/GNU-tools-for-STM32/bin/../lib/gcc/arm-none-eabi/14.3.1/../../../../arm-none-eabi/lib/thumb/v7e-m+fp/hard/libg_nano.a(libc_a-strtol.o)
                              CMakeFiles/Light_Sensor.dir/Core/Src/rtc.c.obj (strtol)
/opt/ST/STM32CubeCLT_1.21.0/GNU-tools-for-STM32/bin/../lib/gcc/arm-none-eabi/14.3.1/../../../../arm-none-eabi/lib/thumb/v7e-m+fp/hard/libg_nano.a(libc_a-fwalk.o)
                              /opt/ST/STM32CubeCLT_1.21.0/GNU-tools-for-STM32/bin/../lib/gcc/arm-none-eabi/14.3.1/../../../../arm-none-eabi/lib/thumb/v7e-m+fp/hard/libg_nano.a(libc_a-findfp.o) (_fwalk_sglue)
/opt/ST/STM32CubeCLT_1.21.0/GNU-tools-for-STM32/bin/../lib/gcc/arm-none-eabi/14.3.1/../../../../arm-none-eabi/lib/thumb/v7e-m+fp/hard/libg_nano.a(libc_a-makebuf.o)
                              /opt/ST/STM32CubeCLT_1.21.0/GNU-tools-for-STM32/bin/../lib/gcc/arm-none-eabi/14.3.1/../../../../arm-none-eabi/lib/thumb/v7e-m+fp/hard/libg_nano.a(libc_a-setvbuf.o) (__swhatbuf_r)
/opt/ST/STM32CubeCLT_1.21.0/GNU-tools-for-STM32/bin/../lib/gcc/arm-none-eabi/14.3.1/../../../../arm-none-eabi/lib/thumb/v7e-m+fp/hard/libg_nano.a(libc_a-printf.o)
                              CMakeFiles/Light_Sensor.dir/Core/Src/main.c.obj (printf)
/opt/ST/STM32CubeCLT_1.21.0/GNU-tools-for-STM32/bin/../lib/gcc/arm-none-eabi/14.3.1/../../../../arm-none-eabi/lib/thumb/v7e-m+fp/hard/libg_nano.a(libc_a-putchar.o)
                              CMakeFiles/Light_Sensor.dir/Core/Src/command.c.obj (putchar)
/opt/ST/STM32CubeCLT_1.21.0/GNU-tools-for-STM32/bin/../lib/gcc/arm-none-eabi/14.3.1/../../../../arm-none-eabi/lib/thumb/v7e-m+fp/hard/libg_nano.a(libc_a-puts.o)
                              CMakeFiles/Light_Sensor.dir/Core/Src/adc.c.obj (puts)
/opt/ST/STM32CubeCLT_1.21.0/GNU-tools-for-STM32/bin/../lib/gcc/arm-none-eabi/14.3.1/../../../../arm-none-eabi/lib/thumb/v7e-m+fp/hard/libg_nano.a(libc_a-memset.o)
                              /opt/ST/STM32CubeCLT_1.21.0/GNU-tools-for-STM32/bin/../lib/gcc/arm-none-eabi/14.3.1/../../../../arm-none-eabi/lib/thumb/v7e-m+fp/hard/crt0.o (memset)
[...]
Memory Configuration

Name             Origin             Length             Attributes
RAM              0x20000000         0x0000c000         xrw
RAM2             0x10000000         0x00004000         xrw
FLASH            0x08000000         0x00040000         xr
*default*        0x00000000         0xffffffff

Linker script and memory map

LOAD /opt/ST/STM32CubeCLT_1.21.0/GNU-tools-for-STM32/bin/../lib/gcc/arm-none-eabi/14.3.1/thumb/v7e-m+fp/hard/crti.o
LOAD /opt/ST/STM32CubeCLT_1.21.0/GNU-tools-for-STM32/bin/../lib/gcc/arm-none-eabi/14.3.1/thumb/v7e-m+fp/hard/crtbegin.o
LOAD /opt/ST/STM32CubeCLT_1.21.0/GNU-tools-for-STM32/bin/../lib/gcc/arm-none-eabi/14.3.1/../../../../arm-none-eabi/lib/thumb/v7e-m+fp/hard/crt0.o
LOAD cmake/stm32cubemx/CMakeFiles/STM32_Drivers.dir/__/__/Core/Src/system_stm32l4xx.c.obj
LOAD cmake/stm32cubemx/CMakeFiles/STM32_Drivers.dir/__/__/Drivers/STM32L4xx_HAL_Driver/Src/stm32l4xx_hal_adc.c.obj
LOAD cmake/stm32cubemx/CMakeFiles/STM32_Drivers.dir/__/__/Drivers/STM32L4xx_HAL_Driver/Src/stm32l4xx_hal_adc_ex.c.obj
LOAD cmake/stm32cubemx/CMakeFiles/STM32_Drivers.dir/__/__/Drivers/STM32L4xx_HAL_Driver/Src/stm32l4xx_hal.c.obj
LOAD cmake/stm32cubemx/CMakeFiles/STM32_Drivers.dir/__/__/Drivers/STM32L4xx_HAL_Driver/Src/stm32l4xx_hal_rcc.c.obj
LOAD cmake/stm32cubemx/CMakeFiles/STM32_Drivers.dir/__/__/Drivers/STM32L4xx_HAL_Driver/Src/stm32l4xx_hal_rcc_ex.c.obj
LOAD cmake/stm32cubemx/CMakeFiles/STM32_Drivers.dir/__/__/Drivers/STM32L4xx_HAL_Driver/Src/stm32l4xx_hal_flash.c.obj
LOAD cmake/stm32cubemx/CMakeFiles/STM32_Drivers.dir/__/__/Drivers/STM32L4xx_HAL_Driver/Src/stm32l4xx_hal_flash_ex.c.obj
LOAD cmake/stm32cubemx/CMakeFiles/STM32_Drivers.dir/__/__/Drivers/STM32L4xx_HAL_Driver/Src/stm32l4xx_hal_flash_ramfunc.c.obj
LOAD cmake/stm32cubemx/CMakeFiles/STM32_Drivers.dir/__/__/Drivers/STM32L4xx_HAL_Driver/Src/stm32l4xx_hal_gpio.c.obj
LOAD cmake/stm32cubemx/CMakeFiles/STM32_Drivers.dir/__/__/Drivers/STM32L4xx_HAL_Driver/Src/stm32l4xx_hal_i2c.c.obj
LOAD cmake/stm32cubemx/CMakeFiles/STM32_Drivers.dir/__/__/Drivers/STM32L4xx_HAL_Driver/Src/stm32l4xx_hal_i2c_ex.c.obj
LOAD cmake/stm32cubemx/CMakeFiles/STM32_Drivers.dir/__/__/Drivers/STM32L4xx_HAL_Driver/Src/stm32l4xx_hal_dma.c.obj
LOAD cmake/stm32cubemx/CMakeFiles/STM32_Drivers.dir/__/__/Drivers/STM32L4xx_HAL_Driver/Src/stm32l4xx_hal_dma_ex.c.obj
LOAD cmake/stm32cubemx/CMakeFiles/STM32_Drivers.dir/__/__/Drivers/STM32L4xx_HAL_Driver/Src/stm32l4xx_hal_pwr.c.obj
LOAD cmake/stm32cubemx/CMakeFiles/STM32_Drivers.dir/__/__/Drivers/STM32L4xx_HAL_Driver/Src/stm32l4xx_hal_pwr_ex.c.obj
LOAD cmake/stm32cubemx/CMakeFiles/STM32_Drivers.dir/__/__/Drivers/STM32L4xx_HAL_Driver/Src/stm32l4xx_hal_cortex.c.obj
LOAD cmake/stm32cubemx/CMakeFiles/STM32_Drivers.dir/__/__/Drivers/STM32L4xx_HAL_Driver/Src/stm32l4xx_hal_exti.c.obj
LOAD cmake/stm32cubemx/CMakeFiles/STM32_Drivers.dir/__/__/Drivers/STM32L4xx_HAL_Driver/Src/stm32l4xx_hal_rtc.c.obj
LOAD cmake/stm32cubemx/CMakeFiles/STM32_Drivers.dir/__/__/Drivers/STM32L4xx_HAL_Driver/Src/stm32l4xx_hal_rtc_ex.c.obj
LOAD cmake/stm32cubemx/CMakeFiles/STM32_Drivers.dir/__/__/Drivers/STM32L4xx_HAL_Driver/Src/stm32l4xx_hal_tim.c.obj
LOAD cmake/stm32cubemx/CMakeFiles/STM32_Drivers.dir/__/__/Drivers/STM32L4xx_HAL_Driver/Src/stm32l4xx_hal_tim_ex.c.obj
LOAD cmake/stm32cubemx/CMakeFiles/STM32_Drivers.dir/__/__/Drivers/STM32L4xx_HAL_Driver/Src/stm32l4xx_hal_uart.c.obj
LOAD cmake/stm32cubemx/CMakeFiles/STM32_Drivers.dir/__/__/Drivers/STM32L4xx_HAL_Driver/Src/stm32l4xx_hal_uart_ex.c.obj
LOAD CMakeFiles/Light_Sensor.dir/Core/Src/main.c.obj
LOAD CMakeFiles/Light_Sensor.dir/Core/Src/stm32l4xx_it.c.obj
LOAD CMakeFiles/Light_Sensor.dir/Core/Src/stm32l4xx_hal_msp.c.obj
LOAD CMakeFiles/Light_Sensor.dir/Core/Src/sysmem.c.obj
LOAD CMakeFiles/Light_Sensor.dir/Core/Src/syscalls.c.obj
LOAD CMakeFiles/Light_Sensor.dir/startup_stm32l432xx.s.obj
LOAD CMakeFiles/Light_Sensor.dir/Core/Src/adc.c.obj
LOAD CMakeFiles/Light_Sensor.dir/Core/Src/battery.c.obj
LOAD CMakeFiles/Light_Sensor.dir/Core/Src/command.c.obj
LOAD CMakeFiles/Light_Sensor.dir/Core/Src/flash.c.obj
LOAD CMakeFiles/Light_Sensor.dir/Core/Src/queue.c.obj
LOAD CMakeFiles/Light_Sensor.dir/Core/Src/interrupt.c.obj
LOAD CMakeFiles/Light_Sensor.dir/Core/Src/retarget.c.obj
LOAD CMakeFiles/Light_Sensor.dir/Core/Src/rtc.c.obj
LOAD CMakeFiles/Light_Sensor.dir/Core/Src/sample.c.obj
LOAD CMakeFiles/Light_Sensor.dir/Core/Src/temperature.c.obj
LOAD CMakeFiles/Light_Sensor.dir/Core/Src/tsl237.c.obj
LOAD /opt/ST/STM32CubeCLT_1.21.0/GNU-tools-for-STM32/bin/../lib/gcc/arm-none-eabi/14.3.1/../../../../arm-none-eabi/lib/thumb/v7e-m+fp/hard/libm.a
START GROUP
LOAD /opt/ST/STM32CubeCLT_1.21.0/GNU-tools-for-STM32/bin/../lib/gcc/arm-none-eabi/14.3.1/thumb/v7e-m+fp/hard/libgcc.a
LOAD /opt/ST/STM32CubeCLT_1.21.0/GNU-tools-for-STM32/bin/../lib/gcc/arm-none-eabi/14.3.1/../../../../arm-none-eabi/lib/thumb/v7e-m+fp/hard/libg_nano.a
LOAD /opt/ST/STM32CubeCLT_1.21.0/GNU-tools-for-STM32/bin/../lib/gcc/arm-none-eabi/14.3.1/../../../../arm-none-eabi/lib/thumb/v7e-m+fp/hard/libc_nano.a
END GROUP
START GROUP
LOAD /opt/ST/STM32CubeCLT_1.21.0/GNU-tools-for-STM32/bin/../lib/gcc/arm-none-eabi/14.3.1/thumb/v7e-m+fp/hard/libgcc.a
LOAD /opt/ST/STM32CubeCLT_1.21.0/GNU-tools-for-STM32/bin/../lib/gcc/arm-none-eabi/14.3.1/../../../../arm-none-eabi/lib/thumb/v7e-m+fp/hard/libc_nano.a
END GROUP
LOAD /opt/ST/STM32CubeCLT_1.21.0/GNU-tools-for-STM32/bin/../lib/gcc/arm-none-eabi/14.3.1/thumb/v7e-m+fp/hard/crtend.o
LOAD /opt/ST/STM32CubeCLT_1.21.0/GNU-tools-for-STM32/bin/../lib/gcc/arm-none-eabi/14.3.1/thumb/v7e-m+fp/hard/crtn.o
                0x2000c000                        _estack = (ORIGIN (RAM) + LENGTH (RAM))
                0x00000200                        _Min_Heap_Size = 0x200
                0x00000400                        _Min_Stack_Size = 0x400

.isr_vector     0x08000000      0x190
                0x08000000                        . = ALIGN (0x8)
 *(.isr_vector)
 .isr_vector    0x08000000      0x18c CMakeFiles/Light_Sensor.dir/startup_stm32l432xx.s.obj
                0x08000000                g_pfnVectors
                0x08000190                        . = ALIGN (0x8)
 *fill*         0x0800018c        0x4 

.text           0x08000190     0xc118
                0x08000190                        . = ALIGN (0x8)
 *(.text)
 .text          0x08000190       0x40 /opt/ST/STM32CubeCLT_1.21.0/GNU-tools-for-STM32/bin/../lib/gcc/arm-none-eabi/14.3.1/thumb/v7e-m+fp/hard/crtbegin.o
 .text          0x080001d0      0x378 /opt/ST/STM32CubeCLT_1.21.0/GNU-tools-for-STM32/bin/../lib/gcc/arm-none-eabi/14.3.1/thumb/v7e-m+fp/hard/libgcc.a(_arm_addsubdf3.o)
                0x080001d0                __aeabi_drsub
                0x080001d8                __subdf3
                0x080001d8                __aeabi_dsub
                0x080001dc                __aeabi_dadd
                0x080001dc                __adddf3
                0x08000454                __aeabi_ui2d
                0x08000454                __floatunsidf
                0x08000474                __floatsidf
                0x08000474                __aeabi_i2d
                0x08000498                __extendsfdf2
                0x08000498                __aeabi_f2d
                0x080004dc                __aeabi_ul2d
                0x080004dc                __floatundidf
                0x080004ec                __aeabi_l2d
                0x080004ec                __floatdidf
 .text          0x08000548       0x30 /opt/ST/STM32CubeCLT_1.21.0/GNU-tools-for-STM32/bin/../lib/gcc/arm-none-eabi/14.3.1/thumb/v7e-m+fp/hard/libgcc.a(_aeabi_uldivmod.o)
                0x08000548                __aeabi_uldivmod
 .text          0x08000578      0x2f8 /opt/ST/STM32CubeCLT_1.21.0/GNU-tools-for-STM32/bin/../lib/gcc/arm-none-eabi/14.3.1/thumb/v7e-m+fp/hard/libgcc.a(_udivmoddi4.o)
                0x08000578                __udivmoddi4
 .text          0x08000870        0x4 /opt/ST/STM32CubeCLT_1.21.0/GNU-tools-for-STM32/bin/../lib/gcc/arm-none-eabi/14.3.1/thumb/v7e-m+fp/hard/libgcc.a(_dvmd_tls.o)
                0x08000870                __aeabi_ldiv0
                0x08000870                __aeabi_idiv0
 .text          0x08000874       0x14 /opt/ST/STM32CubeCLT_1.21.0/GNU-tools-for-STM32/bin/../lib/gcc/arm-none-eabi/14.3.1/../../../../arm-none-eabi/lib/thumb/v7e-m+fp/hard/libg_nano.a(libc_a-strcmp.o)
                0x08000874                strcmp
 *fill*         0x08000888        0x8 
 .text          0x08000890       0xa0 /opt/ST/STM32CubeCLT_1.21.0/GNU-tools-for-STM32/bin/../lib/gcc/arm-none-eabi/14.3.1/../../../../arm-none-eabi/lib/thumb/v7e-m+fp/hard/libg_nano.a(libc_a-memchr.o)
                0x08000890                memchr
 .text          0x08000930       0x10 /opt/ST/STM32CubeCLT_1.21.0/GNU-tools-for-STM32/bin/../lib/gcc/arm-none-eabi/14.3.1/../../../../arm-none-eabi/lib/thumb/v7e-m+fp/hard/libg_nano.a(libc_a-strlen.o)
                0x08000930                strlen
 .text          0x08000940      0x424 /opt/ST/STM32CubeCLT_1.21.0/GNU-tools-for-STM32/bin/../lib/gcc/arm-none-eabi/14.3.1/thumb/v7e-m+fp/hard/libgcc.a(_arm_muldivdf3.o)
                0x08000940                __aeabi_dmul
                0x08000940                __muldf3
                0x08000b94                __aeabi_ddiv
                0x08000b94                __divdf3
 .text          0x08000d64      0x110 /opt/ST/STM32CubeCLT_1.21.0/GNU-tools-for-STM32/bin/../lib/gcc/arm-none-eabi/14.3.1/thumb/v7e-m+fp/hard/libgcc.a(_arm_cmpdf2.o)
                0x08000d64                __gedf2
                0x08000d64                __gtdf2
                0x08000d6c                __ledf2
                0x08000d6c                __ltdf2
                0x08000d74                __cmpdf2
                0x08000d74                __eqdf2
                0x08000d74                __nedf2
                0x08000df0                __aeabi_cdrcmple
                0x08000e00                __aeabi_cdcmple
                0x08000e00                __aeabi_cdcmpeq
                0x08000e10                __aeabi_dcmpeq
                0x08000e24                __aeabi_dcmplt
                0x08000e38                __aeabi_dcmple
                0x08000e4c                __aeabi_dcmpge
                0x08000e60                __aeabi_dcmpgt
 .text          0x08000e74       0x2c /opt/ST/STM32CubeCLT_1.21.0/GNU-tools-for-STM32/bin/../lib/gcc/arm-none-eabi/14.3.1/thumb/v7e-m+fp/hard/libgcc.a(_arm_unorddf2.o)
                0x08000e74                __aeabi_dcmpun
                0x08000e74                __unorddf2
 .text          0x08000ea0       0x50 /opt/ST/STM32CubeCLT_1.21.0/GNU-tools-for-STM32/bin/../lib/gcc/arm-none-eabi/14.3.1/thumb/v7e-m+fp/hard/libgcc.a(_arm_fixdfsi.o)
                0x08000ea0                __fixdfsi
                0x08000ea0                __aeabi_d2iz
 *(.text*)
 .text.SystemInit
                0x08000ef0       0x24 cmake/stm32cubemx/CMakeFiles/STM32_Drivers.dir/__/__/Core/Src/system_stm32l4xx.c.obj
                0x08000ef0                SystemInit
 .text.LL_ADC_SetCommonClock
                0x08000f14       0x26 cmake/stm32cubemx/CMakeFiles/STM32_Drivers.dir/__/__/Drivers/STM32L4xx_HAL_Driver/Src/stm32l4xx_hal_adc.c.obj
 .text.LL_ADC_SetCommonPathInternalCh
                0x08000f3a       0x26 cmake/stm32cubemx/CMakeFiles/STM32_Drivers.dir/__/__/Drivers/STM32L4xx_HAL_Driver/Src/stm32l4xx_hal_adc.c.obj
 .text.LL_ADC_GetCommonPathInternalCh
                0x08000f60       0x1c cmake/stm32cubemx/CMakeFiles/STM32_Drivers.dir/__/__/Drivers/STM32L4xx_HAL_Driver/Src/stm32l4xx_hal_adc.c.obj
 .text.LL_ADC_SetOffset
                0x08000f7c       0x48 cmake/stm32cubemx/CMakeFiles/STM32_Drivers.dir/__/__/Drivers/STM32L4xx_HAL_Driver/Src/stm32l4xx_hal_adc.c.obj
 .text.LL_ADC_GetOffsetChannel
                0x08000fc4       0x2c cmake/stm32cubemx/CMakeFiles/STM32_Drivers.dir/__/__/Drivers/STM32L4xx_HAL_Driver/Src/stm32l4xx_hal_adc.c.obj
 .text.LL_ADC_SetOffsetState
                0x08000ff0       0x36 cmake/stm32cubemx/CMakeFiles/STM32_Drivers.dir/__/__/Drivers/STM32L4xx_HAL_Driver/Src/stm32l4xx_hal_adc.c.obj
 .text.LL_ADC_REG_IsTriggerSourceSWStart
                0x08001026       0x26 cmake/stm32cubemx/CMakeFiles/STM32_Drivers.dir/__/__/Drivers/STM32L4xx_HAL_Driver/Src/stm32l4xx_hal_adc.c.obj
 .text.LL_ADC_REG_SetSequencerRanks
                0x0800104c       0x58 cmake/stm32cubemx/CMakeFiles/STM32_Drivers.dir/__/__/Drivers/STM32L4xx_HAL_Driver/Src/stm32l4xx_hal_adc.c.obj
 .text.LL_ADC_SetChannelSamplingTime
                0x080010a4       0x56 cmake/stm32cubemx/CMakeFiles/STM32_Drivers.dir/__/__/Drivers/STM32L4xx_HAL_Driver/Src/stm32l4xx_hal_adc.c.obj
 *fill*         0x080010fa        0x2 
 .text.LL_ADC_SetChannelSingleDiff
                0x080010fc       0x48 cmake/stm32cubemx/CMakeFiles/STM32_Drivers.dir/__/__/Drivers/STM32L4xx_HAL_Driver/Src/stm32l4xx_hal_adc.c.obj
 .text.LL_ADC_DisableDeepPowerDown
                0x08001144       0x24 cmake/stm32cubemx/CMakeFiles/STM32_Drivers.dir/__/__/Drivers/STM32L4xx_HAL_Driver/Src/stm32l4xx_hal_adc.c.obj
 .text.LL_ADC_IsDeepPowerDownEnabled
                0x08001168       0x28 cmake/stm32cubemx/CMakeFiles/STM32_Drivers.dir/__/__/Drivers/STM32L4xx_HAL_Driver/Src/stm32l4xx_hal_adc.c.obj
 .text.LL_ADC_EnableInternalRegulator
                0x08001190       0x28 cmake/stm32cubemx/CMakeFiles/STM32_Drivers.dir/__/__/Drivers/STM32L4xx_HAL_Driver/Src/stm32l4xx_hal_adc.c.obj
 .text.LL_ADC_IsInternalRegulatorEnabled
                0x080011b8       0x28 cmake/stm32cubemx/CMakeFiles/STM32_Drivers.dir/__/__/Drivers/STM32L4xx_HAL_Driver/Src/stm32l4xx_hal_adc.c.obj
 .text.LL_ADC_Enable
                0x080011e0       0x28 cmake/stm32cubemx/CMakeFiles/STM32_Drivers.dir/__/__/Drivers/STM32L4xx_HAL_Driver/Src/stm32l4xx_hal_adc.c.obj
 .text.LL_ADC_Disable
                0x08001208       0x28 cmake/stm32cubemx/CMakeFiles/STM32_Drivers.dir/__/__/Drivers/STM32L4xx_HAL_Driver/Src/stm32l4xx_hal_adc.c.obj
 .text.LL_ADC_IsEnabled
                0x08001230       0x26 cmake/stm32cubemx/CMakeFiles/STM32_Drivers.dir/__/__/Drivers/STM32L4xx_HAL_Driver/Src/stm32l4xx_hal_adc.c.obj
 .text.LL_ADC_IsDisableOngoing
                0x08001256       0x26 cmake/stm32cubemx/CMakeFiles/STM32_Drivers.dir/__/__/Drivers/STM32L4xx_HAL_Driver/Src/stm32l4xx_hal_adc.c.obj
 .text.LL_ADC_REG_StartConversion
                0x0800127c       0x28 cmake/stm32cubemx/CMakeFiles/STM32_Drivers.dir/__/__/Drivers/STM32L4xx_HAL_Driver/Src/stm32l4xx_hal_adc.c.obj
 .text.LL_ADC_REG_StopConversion
                0x080012a4       0x28 cmake/stm32cubemx/CMakeFiles/STM32_Drivers.dir/__/__/Drivers/STM32L4xx_HAL_Driver/Src/stm32l4xx_hal_adc.c.obj
 .text.LL_ADC_REG_IsConversionOngoing
                0x080012cc       0x26 cmake/stm32cubemx/CMakeFiles/STM32_Drivers.dir/__/__/Drivers/STM32L4xx_HAL_Driver/Src/stm32l4xx_hal_adc.c.obj
 .text.LL_ADC_INJ_StopConversion
                0x080012f2       0x28 cmake/stm32cubemx/CMakeFiles/STM32_Drivers.dir/__/__/Drivers/STM32L4xx_HAL_Driver/Src/stm32l4xx_hal_adc.c.obj
 .text.LL_ADC_INJ_IsConversionOngoing
                0x0800131a       0x26 cmake/stm32cubemx/CMakeFiles/STM32_Drivers.dir/__/__/Drivers/STM32L4xx_HAL_Driver/Src/stm32l4xx_hal_adc.c.obj
 .text.HAL_ADC_Init
                0x08001340      0x284 cmake/stm32cubemx/CMakeFiles/STM32_Drivers.dir/__/__/Drivers/STM32L4xx_HAL_Driver/Src/stm32l4xx_hal_adc.c.obj
                0x08001340                HAL_ADC_Init
 .text.HAL_ADC_Start
                0x080015c4       0xc6 cmake/stm32cubemx/CMakeFiles/STM32_Drivers.dir/__/__/Drivers/STM32L4xx_HAL_Driver/Src/stm32l4xx_hal_adc.c.obj
                0x080015c4                HAL_ADC_Start
 .text.HAL_ADC_Stop
                0x0800168a       0x66 cmake/stm32cubemx/CMakeFiles/STM32_Drivers.dir/__/__/Drivers/STM32L4xx_HAL_Driver/Src/stm32l4xx_hal_adc.c.obj
                0x0800168a                HAL_ADC_Stop
 .text.HAL_ADC_PollForConversion
                0x080016f0      0x11e cmake/stm32cubemx/CMakeFiles/STM32_Drivers.dir/__/__/Drivers/STM32L4xx_HAL_Driver/Src/stm32l4xx_hal_adc.c.obj
                0x080016f0                HAL_ADC_PollForConversion
 .text.HAL_ADC_GetValue
                0x0800180e       0x1a cmake/stm32cubemx/CMakeFiles/STM32_Drivers.dir/__/__/Drivers/STM32L4xx_HAL_Driver/Src/stm32l4xx_hal_adc.c.obj
                0x0800180e                HAL_ADC_GetValue
 .text.HAL_ADC_ConfigChannel
                0x08001828      0x7c4 cmake/stm32cubemx/CMakeFiles/STM32_Drivers.dir/__/__/Drivers/STM32L4xx_HAL_Driver/Src/stm32l4xx_hal_adc.c.obj
                0x08001828                HAL_ADC_ConfigChannel
 .text.ADC_ConversionStop
                0x08001fec      0x178 cmake/stm32cubemx/CMakeFiles/STM32_Drivers.dir/__/__/Drivers/STM32L4xx_HAL_Driver/Src/stm32l4xx_hal_adc.c.obj
                0x08001fec                ADC_ConversionStop
 .text.ADC_Enable
                0x08002164      0x10c cmake/stm32cubemx/CMakeFiles/STM32_Drivers.dir/__/__/Drivers/STM32L4xx_HAL_Driver/Src/stm32l4xx_hal_adc.c.obj
                0x08002164                ADC_Enable
 .text.ADC_Disable
                0x08002270       0xbe cmake/stm32cubemx/CMakeFiles/STM32_Drivers.dir/__/__/Drivers/STM32L4xx_HAL_Driver/Src/stm32l4xx_hal_adc.c.obj
                0x08002270                ADC_Disable
 .text.LL_ADC_StartCalibration
                0x0800232e       0x32 cmake/stm32cubemx/CMakeFiles/STM32_Drivers.dir/__/__/Drivers/STM32L4xx_HAL_Driver/Src/stm32l4xx_hal_adc_ex.c.obj
 .text.LL_ADC_IsCalibrationOnGoing
                0x08002360       0x28 cmake/stm32cubemx/CMakeFiles/STM32_Drivers.dir/__/__/Drivers/STM32L4xx_HAL_Driver/Src/stm32l4xx_hal_adc_ex.c.obj
 .text.HAL_ADCEx_Calibration_Start
                0x08002388       0xc0 cmake/stm32cubemx/CMakeFiles/STM32_Drivers.dir/__/__/Drivers/STM32L4xx_HAL_Driver/Src/stm32l4xx_hal_adc_ex.c.obj
                0x08002388                HAL_ADCEx_Calibration_Start
 .text.HAL_Init
                0x08002448       0x30 cmake/stm32cubemx/CMakeFiles/STM32_Drivers.dir/__/__/Drivers/STM32L4xx_HAL_Driver/Src/stm32l4xx_hal.c.obj
                0x08002448                HAL_Init
 .text.HAL_InitTick
                0x08002478       0x78 cmake/stm32cubemx/CMakeFiles/STM32_Drivers.dir/__/__/Drivers/STM32L4xx_HAL_Driver/Src/stm32l4xx_hal.c.obj
                0x08002478                HAL_InitTick
 .text.HAL_IncTick
                0x080024f0       0x28 cmake/stm32cubemx/CMakeFiles/STM32_Drivers.dir/__/__/Drivers/STM32L4xx_HAL_Driver/Src/stm32l4xx_hal.c.obj
                0x080024f0                HAL_IncTick
 .text.HAL_GetTick
                0x08002518       0x18 cmake/stm32cubemx/CMakeFiles/STM32_Drivers.dir/__/__/Drivers/STM32L4xx_HAL_Driver/Src/stm32l4xx_hal.c.obj
                0x08002518                HAL_GetTick
 .text.HAL_Delay
                0x08002530       0x48 cmake/stm32cubemx/CMakeFiles/STM32_Drivers.dir/__/__/Drivers/STM32L4xx_HAL_Driver/Src/stm32l4xx_hal.c.obj
                0x08002530                HAL_Delay
 .text.HAL_RCC_OscConfig
                0x08002578      0x828 cmake/stm32cubemx/CMakeFiles/STM32_Drivers.dir/__/__/Drivers/STM32L4xx_HAL_Driver/Src/stm32l4xx_hal_rcc.c.obj
                0x08002578                HAL_RCC_OscConfig
 .text.HAL_RCC_ClockConfig
                0x08002da0      0x200 cmake/stm32cubemx/CMakeFiles/STM32_Drivers.dir/__/__/Drivers/STM32L4xx_HAL_Driver/Src/stm32l4xx_hal_rcc.c.obj
                0x08002da0                HAL_RCC_ClockConfig
 .text.HAL_RCC_MCOConfig
                0x08002fa0       0x68 cmake/stm32cubemx/CMakeFiles/STM32_Drivers.dir/__/__/Drivers/STM32L4xx_HAL_Driver/Src/stm32l4xx_hal_rcc.c.obj
                0x08002fa0                HAL_RCC_MCOConfig
 .text.HAL_RCC_GetSysClockFreq
                0x08003008      0x118 cmake/stm32cubemx/CMakeFiles/STM32_Drivers.dir/__/__/Drivers/STM32L4xx_HAL_Driver/Src/stm32l4xx_hal_rcc.c.obj
                0x08003008                HAL_RCC_GetSysClockFreq
 .text.HAL_RCC_GetHCLKFreq
                0x08003120       0x18 cmake/stm32cubemx/CMakeFiles/STM32_Drivers.dir/__/__/Drivers/STM32L4xx_HAL_Driver/Src/stm32l4xx_hal_rcc.c.obj
                0x08003120                HAL_RCC_GetHCLKFreq
 .text.HAL_RCC_GetPCLK1Freq
                0x08003138       0x2c cmake/stm32cubemx/CMakeFiles/STM32_Drivers.dir/__/__/Drivers/STM32L4xx_HAL_Driver/Src/stm32l4xx_hal_rcc.c.obj
                0x08003138                HAL_RCC_GetPCLK1Freq
 .text.HAL_RCC_GetPCLK2Freq
                0x08003164       0x2c cmake/stm32cubemx/CMakeFiles/STM32_Drivers.dir/__/__/Drivers/STM32L4xx_HAL_Driver/Src/stm32l4xx_hal_rcc.c.obj
                0x08003164                HAL_RCC_GetPCLK2Freq
 .text.RCC_SetFlashLatencyFromMSIRange
                0x08003190       0xc0 cmake/stm32cubemx/CMakeFiles/STM32_Drivers.dir/__/__/Drivers/STM32L4xx_HAL_Driver/Src/stm32l4xx_hal_rcc.c.obj
 .text.HAL_RCCEx_PeriphCLKConfig
                0x08003250      0x3ec cmake/stm32cubemx/CMakeFiles/STM32_Drivers.dir/__/__/Drivers/STM32L4xx_HAL_Driver/Src/stm32l4xx_hal_rcc_ex.c.obj
                0x08003250                HAL_RCCEx_PeriphCLKConfig
 .text.HAL_RCCEx_EnableMSIPLLMode
                0x0800363c       0x20 cmake/stm32cubemx/CMakeFiles/STM32_Drivers.dir/__/__/Drivers/STM32L4xx_HAL_Driver/Src/stm32l4xx_hal_rcc_ex.c.obj
                0x0800363c                HAL_RCCEx_EnableMSIPLLMode
 .text.RCCEx_PLLSAI1_Config
                0x0800365c      0x1e4 cmake/stm32cubemx/CMakeFiles/STM32_Drivers.dir/__/__/Drivers/STM32L4xx_HAL_Driver/Src/stm32l4xx_hal_rcc_ex.c.obj
 .text.HAL_FLASH_Program
                0x08003840       0xd8 cmake/stm32cubemx/CMakeFiles/STM32_Drivers.dir/__/__/Drivers/STM32L4xx_HAL_Driver/Src/stm32l4xx_hal_flash.c.obj
                0x08003840                HAL_FLASH_Program
 .text.HAL_FLASH_Unlock
                0x08003918       0x44 cmake/stm32cubemx/CMakeFiles/STM32_Drivers.dir/__/__/Drivers/STM32L4xx_HAL_Driver/Src/stm32l4xx_hal_flash.c.obj
                0x08003918                HAL_FLASH_Unlock
 .text.HAL_FLASH_Lock
                0x0800395c       0x20 cmake/stm32cubemx/CMakeFiles/STM32_Drivers.dir/__/__/Drivers/STM32L4xx_HAL_Driver/Src/stm32l4xx_hal_flash.c.obj
                0x0800395c                HAL_FLASH_Lock
 .text.FLASH_WaitForLastOperation
                0x0800397c       0xac cmake/stm32cubemx/CMakeFiles/STM32_Drivers.dir/__/__/Drivers/STM32L4xx_HAL_Driver/Src/stm32l4xx_hal_flash.c.obj
                0x0800397c                FLASH_WaitForLastOperation
 .text.FLASH_Program_DoubleWord
                0x08003a28       0x4c cmake/stm32cubemx/CMakeFiles/STM32_Drivers.dir/__/__/Drivers/STM32L4xx_HAL_Driver/Src/stm32l4xx_hal_flash.c.obj
 .text.FLASH_Program_Fast
                0x08003a74       0x6c cmake/stm32cubemx/CMakeFiles/STM32_Drivers.dir/__/__/Drivers/STM32L4xx_HAL_Driver/Src/stm32l4xx_hal_flash.c.obj
 .text.HAL_FLASHEx_Erase
                0x08003ae0      0x134 cmake/stm32cubemx/CMakeFiles/STM32_Drivers.dir/__/__/Drivers/STM32L4xx_HAL_Driver/Src/stm32l4xx_hal_flash_ex.c.obj
                0x08003ae0                HAL_FLASHEx_Erase
 .text.FLASH_MassErase
                0x08003c14       0x3c cmake/stm32cubemx/CMakeFiles/STM32_Drivers.dir/__/__/Drivers/STM32L4xx_HAL_Driver/Src/stm32l4xx_hal_flash_ex.c.obj
 .text.FLASH_PageErase
                0x08003c50       0x48 cmake/stm32cubemx/CMakeFiles/STM32_Drivers.dir/__/__/Drivers/STM32L4xx_HAL_Driver/Src/stm32l4xx_hal_flash_ex.c.obj
                0x08003c50                FLASH_PageErase
 .text.FLASH_FlushCaches
                0x08003c98       0x94 cmake/stm32cubemx/CMakeFiles/STM32_Drivers.dir/__/__/Drivers/STM32L4xx_HAL_Driver/Src/stm32l4xx_hal_flash_ex.c.obj
                0x08003c98                FLASH_FlushCaches
 .text.HAL_GPIO_Init
                0x08003d2c      0x2d4 cmake/stm32cubemx/CMakeFiles/STM32_Drivers.dir/__/__/Drivers/STM32L4xx_HAL_Driver/Src/stm32l4xx_hal_gpio.c.obj
                0x08003d2c                HAL_GPIO_Init
 .text.HAL_GPIO_WritePin
                0x08004000       0x30 cmake/stm32cubemx/CMakeFiles/STM32_Drivers.dir/__/__/Drivers/STM32L4xx_HAL_Driver/Src/stm32l4xx_hal_gpio.c.obj
                0x08004000                HAL_GPIO_WritePin
 .text.HAL_DMA_Abort
                0x08004030       0x82 cmake/stm32cubemx/CMakeFiles/STM32_Drivers.dir/__/__/Drivers/STM32L4xx_HAL_Driver/Src/stm32l4xx_hal_dma.c.obj
                0x08004030                HAL_DMA_Abort
 .text.HAL_DMA_Abort_IT
                0x080040b2       0x82 cmake/stm32cubemx/CMakeFiles/STM32_Drivers.dir/__/__/Drivers/STM32L4xx_HAL_Driver/Src/stm32l4xx_hal_dma.c.obj
                0x080040b2                HAL_DMA_Abort_IT
 .text.HAL_PWR_EnableBkUpAccess
                0x08004134       0x20 cmake/stm32cubemx/CMakeFiles/STM32_Drivers.dir/__/__/Drivers/STM32L4xx_HAL_Driver/Src/stm32l4xx_hal_pwr.c.obj
                0x08004134                HAL_PWR_EnableBkUpAccess
 .text.HAL_PWREx_GetVoltageRange
                0x08004154       0x1c cmake/stm32cubemx/CMakeFiles/STM32_Drivers.dir/__/__/Drivers/STM32L4xx_HAL_Driver/Src/stm32l4xx_hal_pwr_ex.c.obj
                0x08004154                HAL_PWREx_GetVoltageRange
 .text.HAL_PWREx_ControlVoltageScaling
                0x08004170       0xac cmake/stm32cubemx/CMakeFiles/STM32_Drivers.dir/__/__/Drivers/STM32L4xx_HAL_Driver/Src/stm32l4xx_hal_pwr_ex.c.obj
                0x08004170                HAL_PWREx_ControlVoltageScaling
 .text.__NVIC_SetPriorityGrouping
                0x0800421c       0x48 cmake/stm32cubemx/CMakeFiles/STM32_Drivers.dir/__/__/Drivers/STM32L4xx_HAL_Driver/Src/stm32l4xx_hal_cortex.c.obj
 .text.__NVIC_GetPriorityGrouping
                0x08004264       0x1c cmake/stm32cubemx/CMakeFiles/STM32_Drivers.dir/__/__/Drivers/STM32L4xx_HAL_Driver/Src/stm32l4xx_hal_cortex.c.obj
 .text.__NVIC_EnableIRQ
                0x08004280       0x3c cmake/stm32cubemx/CMakeFiles/STM32_Drivers.dir/__/__/Drivers/STM32L4xx_HAL_Driver/Src/stm32l4xx_hal_cortex.c.obj
 .text.__NVIC_SetPriority
                0x080042bc       0x54 cmake/stm32cubemx/CMakeFiles/STM32_Drivers.dir/__/__/Drivers/STM32L4xx_HAL_Driver/Src/stm32l4xx_hal_cortex.c.obj
 .text.NVIC_EncodePriority
                0x08004310       0x66 cmake/stm32cubemx/CMakeFiles/STM32_Drivers.dir/__/__/Drivers/STM32L4xx_HAL_Driver/Src/stm32l4xx_hal_cortex.c.obj
 *fill*         0x08004376        0x2 
 .text.SysTick_Config
                0x08004378       0x44 cmake/stm32cubemx/CMakeFiles/STM32_Drivers.dir/__/__/Drivers/STM32L4xx_HAL_Driver/Src/stm32l4xx_hal_cortex.c.obj
 .text.HAL_NVIC_SetPriorityGrouping
                0x080043bc       0x16 cmake/stm32cubemx/CMakeFiles/STM32_Drivers.dir/__/__/Drivers/STM32L4xx_HAL_Driver/Src/stm32l4xx_hal_cortex.c.obj
                0x080043bc                HAL_NVIC_SetPriorityGrouping
 .text.HAL_NVIC_SetPriority
                0x080043d2       0x38 cmake/stm32cubemx/CMakeFiles/STM32_Drivers.dir/__/__/Drivers/STM32L4xx_HAL_Driver/Src/stm32l4xx_hal_cortex.c.obj
                0x080043d2                HAL_NVIC_SetPriority
 .text.HAL_NVIC_EnableIRQ
                0x0800440a       0x1c cmake/stm32cubemx/CMakeFiles/STM32_Drivers.dir/__/__/Drivers/STM32L4xx_HAL_Driver/Src/stm32l4xx_hal_cortex.c.obj
                0x0800440a                HAL_NVIC_EnableIRQ
 .text.HAL_SYSTICK_Config
                0x08004426       0x18 cmake/stm32cubemx/CMakeFiles/STM32_Drivers.dir/__/__/Drivers/STM32L4xx_HAL_Driver/Src/stm32l4xx_hal_cortex.c.obj
                0x08004426                HAL_SYSTICK_Config
 .text.HAL_RTC_Init
                0x0800443e      0x110 cmake/stm32cubemx/CMakeFiles/STM32_Drivers.dir/__/__/Drivers/STM32L4xx_HAL_Driver/Src/stm32l4xx_hal_rtc.c.obj
                0x0800443e                HAL_RTC_Init
 .text.HAL_RTC_SetTime
                0x0800454e      0x13a cmake/stm32cubemx/CMakeFiles/STM32_Drivers.dir/__/__/Drivers/STM32L4xx_HAL_Driver/Src/stm32l4xx_hal_rtc.c.obj
                0x0800454e                HAL_RTC_SetTime
 .text.HAL_RTC_GetTime
                0x08004688       0xb8 cmake/stm32cubemx/CMakeFiles/STM32_Drivers.dir/__/__/Drivers/STM32L4xx_HAL_Driver/Src/stm32l4xx_hal_rtc.c.obj
                0x08004688                HAL_RTC_GetTime
 .text.HAL_RTC_SetDate
                0x08004740      0x10e cmake/stm32cubemx/CMakeFiles/STM32_Drivers.dir/__/__/Drivers/STM32L4xx_HAL_Driver/Src/stm32l4xx_hal_rtc.c.obj
                0x08004740                HAL_RTC_SetDate
 .text.HAL_RTC_GetDate
                0x0800484e       0x9a cmake/stm32cubemx/CMakeFiles/STM32_Drivers.dir/__/__/Drivers/STM32L4xx_HAL_Driver/Src/stm32l4xx_hal_rtc.c.obj
                0x0800484e                HAL_RTC_GetDate
 .text.HAL_RTC_SetAlarm_IT
                0x080048e8      0x278 cmake/stm32cubemx/CMakeFiles/STM32_Drivers.dir/__/__/Drivers/STM32L4xx_HAL_Driver/Src/stm32l4xx_hal_rtc.c.obj
                0x080048e8                HAL_RTC_SetAlarm_IT
 .text.HAL_RTC_AlarmIRQHandler
                0x08004b60       0x8c cmake/stm32cubemx/CMakeFiles/STM32_Drivers.dir/__/__/Drivers/STM32L4xx_HAL_Driver/Src/stm32l4xx_hal_rtc.c.obj
                0x08004b60                HAL_RTC_AlarmIRQHandler
 .text.HAL_RTC_AlarmAEventCallback
                0x08004bec       0x14 cmake/stm32cubemx/CMakeFiles/STM32_Drivers.dir/__/__/Drivers/STM32L4xx_HAL_Driver/Src/stm32l4xx_hal_rtc.c.obj
                0x08004bec                HAL_RTC_AlarmAEventCallback
 .text.HAL_RTC_WaitForSynchro
                0x08004c00       0x48 cmake/stm32cubemx/CMakeFiles/STM32_Drivers.dir/__/__/Drivers/STM32L4xx_HAL_Driver/Src/stm32l4xx_hal_rtc.c.obj
                0x08004c00                HAL_RTC_WaitForSynchro
 .text.RTC_EnterInitMode
                0x08004c48       0x66 cmake/stm32cubemx/CMakeFiles/STM32_Drivers.dir/__/__/Drivers/STM32L4xx_HAL_Driver/Src/stm32l4xx_hal_rtc.c.obj
                0x08004c48                RTC_EnterInitMode
 *fill*         0x08004cae        0x2 
 .text.RTC_ExitInitMode
                0x08004cb0       0x7c cmake/stm32cubemx/CMakeFiles/STM32_Drivers.dir/__/__/Drivers/STM32L4xx_HAL_Driver/Src/stm32l4xx_hal_rtc.c.obj
                0x08004cb0                RTC_ExitInitMode
 .text.RTC_ByteToBcd2
                0x08004d2c       0x40 cmake/stm32cubemx/CMakeFiles/STM32_Drivers.dir/__/__/Drivers/STM32L4xx_HAL_Driver/Src/stm32l4xx_hal_rtc.c.obj
                0x08004d2c                RTC_ByteToBcd2
 .text.RTC_Bcd2ToByte
                0x08004d6c       0x34 cmake/stm32cubemx/CMakeFiles/STM32_Drivers.dir/__/__/Drivers/STM32L4xx_HAL_Driver/Src/stm32l4xx_hal_rtc.c.obj
                0x08004d6c                RTC_Bcd2ToByte
 .text.HAL_RTCEx_AlarmBEventCallback
                0x08004da0       0x14 cmake/stm32cubemx/CMakeFiles/STM32_Drivers.dir/__/__/Drivers/STM32L4xx_HAL_Driver/Src/stm32l4xx_hal_rtc_ex.c.obj
                0x08004da0                HAL_RTCEx_AlarmBEventCallback
 .text.HAL_TIM_Base_Init
                0x08004db4       0xae cmake/stm32cubemx/CMakeFiles/STM32_Drivers.dir/__/__/Drivers/STM32L4xx_HAL_Driver/Src/stm32l4xx_hal_tim.c.obj
                0x08004db4                HAL_TIM_Base_Init
 .text.HAL_TIM_IC_Init
                0x08004e62       0xae cmake/stm32cubemx/CMakeFiles/STM32_Drivers.dir/__/__/Drivers/STM32L4xx_HAL_Driver/Src/stm32l4xx_hal_tim.c.obj
                0x08004e62                HAL_TIM_IC_Init
 .text.HAL_TIM_IC_MspInit
                0x08004f10       0x14 cmake/stm32cubemx/CMakeFiles/STM32_Drivers.dir/__/__/Drivers/STM32L4xx_HAL_Driver/Src/stm32l4xx_hal_tim.c.obj
                0x08004f10                HAL_TIM_IC_MspInit
 .text.HAL_TIM_IC_Start_IT
                0x08004f24      0x25c cmake/stm32cubemx/CMakeFiles/STM32_Drivers.dir/__/__/Drivers/STM32L4xx_HAL_Driver/Src/stm32l4xx_hal_tim.c.obj
                0x08004f24                HAL_TIM_IC_Start_IT
 .text.HAL_TIM_IC_Stop_IT
                0x08005180      0x180 cmake/stm32cubemx/CMakeFiles/STM32_Drivers.dir/__/__/Drivers/STM32L4xx_HAL_Driver/Src/stm32l4xx_hal_tim.c.obj
                0x08005180                HAL_TIM_IC_Stop_IT
 .text.HAL_TIM_IRQHandler
                0x08005300      0x20e cmake/stm32cubemx/CMakeFiles/STM32_Drivers.dir/__/__/Drivers/STM32L4xx_HAL_Driver/Src/stm32l4xx_hal_tim.c.obj
                0x08005300                HAL_TIM_IRQHandler
 .text.HAL_TIM_IC_ConfigChannel
                0x0800550e      0x138 cmake/stm32cubemx/CMakeFiles/STM32_Drivers.dir/__/__/Drivers/STM32L4xx_HAL_Driver/Src/stm32l4xx_hal_tim.c.obj
                0x0800550e                HAL_TIM_IC_ConfigChannel
 .text.HAL_TIM_ConfigClockSource
                0x08005646      0x192 cmake/stm32cubemx/CMakeFiles/STM32_Drivers.dir/__/__/Drivers/STM32L4xx_HAL_Driver/Src/stm32l4xx_hal_tim.c.obj
                0x08005646                HAL_TIM_ConfigClockSource
 .text.HAL_TIM_ReadCapturedValue
                0x080057d8       0x88 cmake/stm32cubemx/CMakeFiles/STM32_Drivers.dir/__/__/Drivers/STM32L4xx_HAL_Driver/Src/stm32l4xx_hal_tim.c.obj
                0x080057d8                HAL_TIM_ReadCapturedValue
 .text.HAL_TIM_PeriodElapsedCallback
                0x08005860       0x14 cmake/stm32cubemx/CMakeFiles/STM32_Drivers.dir/__/__/Drivers/STM32L4xx_HAL_Driver/Src/stm32l4xx_hal_tim.c.obj
                0x08005860                HAL_TIM_PeriodElapsedCallback
 .text.HAL_TIM_OC_DelayElapsedCallback
                0x08005874       0x14 cmake/stm32cubemx/CMakeFiles/STM32_Drivers.dir/__/__/Drivers/STM32L4xx_HAL_Driver/Src/stm32l4xx_hal_tim.c.obj
                0x08005874                HAL_TIM_OC_DelayElapsedCallback
 .text.HAL_TIM_PWM_PulseFinishedCallback
                0x08005888       0x14 cmake/stm32cubemx/CMakeFiles/STM32_Drivers.dir/__/__/Drivers/STM32L4xx_HAL_Driver/Src/stm32l4xx_hal_tim.c.obj
                0x08005888                HAL_TIM_PWM_PulseFinishedCallback
 .text.HAL_TIM_TriggerCallback
                0x0800589c       0x14 cmake/stm32cubemx/CMakeFiles/STM32_Drivers.dir/__/__/Drivers/STM32L4xx_HAL_Driver/Src/stm32l4xx_hal_tim.c.obj
                0x0800589c                HAL_TIM_TriggerCallback
 .text.TIM_Base_SetConfig
                0x080058b0       0xd4 cmake/stm32cubemx/CMakeFiles/STM32_Drivers.dir/__/__/Drivers/STM32L4xx_HAL_Driver/Src/stm32l4xx_hal_tim.c.obj
                0x080058b0                TIM_Base_SetConfig
 .text.TIM_TI1_SetConfig
                0x08005984       0xd4 cmake/stm32cubemx/CMakeFiles/STM32_Drivers.dir/__/__/Drivers/STM32L4xx_HAL_Driver/Src/stm32l4xx_hal_tim.c.obj
                0x08005984                TIM_TI1_SetConfig
 .text.TIM_TI1_ConfigInputStage
                0x08005a58       0x90 cmake/stm32cubemx/CMakeFiles/STM32_Drivers.dir/__/__/Drivers/STM32L4xx_HAL_Driver/Src/stm32l4xx_hal_tim.c.obj
 .text.TIM_TI2_SetConfig
                0x08005ae8       0x94 cmake/stm32cubemx/CMakeFiles/STM32_Drivers.dir/__/__/Drivers/STM32L4xx_HAL_Driver/Src/stm32l4xx_hal_tim.c.obj
 .text.TIM_TI2_ConfigInputStage
                0x08005b7c       0x78 cmake/stm32cubemx/CMakeFiles/STM32_Drivers.dir/__/__/Drivers/STM32L4xx_HAL_Driver/Src/stm32l4xx_hal_tim.c.obj
 .text.TIM_TI3_SetConfig
                0x08005bf4       0x90 cmake/stm32cubemx/CMakeFiles/STM32_Drivers.dir/__/__/Drivers/STM32L4xx_HAL_Driver/Src/stm32l4xx_hal_tim.c.obj
 .text.TIM_TI4_SetConfig
                0x08005c84       0x7a cmake/stm32cubemx/CMakeFiles/STM32_Drivers.dir/__/__/Drivers/STM32L4xx_HAL_Driver/Src/stm32l4xx_hal_tim.c.obj
 .text.TIM_ITRx_SetConfig
                0x08005cfe       0x36 cmake/stm32cubemx/CMakeFiles/STM32_Drivers.dir/__/__/Drivers/STM32L4xx_HAL_Driver/Src/stm32l4xx_hal_tim.c.obj
 .text.TIM_ETR_SetConfig
                0x08005d34       0x40 cmake/stm32cubemx/CMakeFiles/STM32_Drivers.dir/__/__/Drivers/STM32L4xx_HAL_Driver/Src/stm32l4xx_hal_tim.c.obj
                0x08005d34                TIM_ETR_SetConfig
 .text.TIM_CCxChannelCmd
                0x08005d74       0x4a cmake/stm32cubemx/CMakeFiles/STM32_Drivers.dir/__/__/Drivers/STM32L4xx_HAL_Driver/Src/stm32l4xx_hal_tim.c.obj
                0x08005d74                TIM_CCxChannelCmd
 *fill*         0x08005dbe        0x2 
 .text.HAL_TIMEx_MasterConfigSynchronization
                0x08005dc0       0xcc cmake/stm32cubemx/CMakeFiles/STM32_Drivers.dir/__/__/Drivers/STM32L4xx_HAL_Driver/Src/stm32l4xx_hal_tim_ex.c.obj
                0x08005dc0                HAL_TIMEx_MasterConfigSynchronization
 .text.HAL_TIMEx_CommutCallback
                0x08005e8c       0x14 cmake/stm32cubemx/CMakeFiles/STM32_Drivers.dir/__/__/Drivers/STM32L4xx_HAL_Driver/Src/stm32l4xx_hal_tim_ex.c.obj
                0x08005e8c                HAL_TIMEx_CommutCallback
 .text.HAL_TIMEx_BreakCallback
                0x08005ea0       0x14 cmake/stm32cubemx/CMakeFiles/STM32_Drivers.dir/__/__/Drivers/STM32L4xx_HAL_Driver/Src/stm32l4xx_hal_tim_ex.c.obj
                0x08005ea0                HAL_TIMEx_BreakCallback
 .text.HAL_TIMEx_Break2Callback
                0x08005eb4       0x14 cmake/stm32cubemx/CMakeFiles/STM32_Drivers.dir/__/__/Drivers/STM32L4xx_HAL_Driver/Src/stm32l4xx_hal_tim_ex.c.obj
                0x08005eb4                HAL_TIMEx_Break2Callback
 .text.HAL_UART_Init
                0x08005ec8       0x9c cmake/stm32cubemx/CMakeFiles/STM32_Drivers.dir/__/__/Drivers/STM32L4xx_HAL_Driver/Src/stm32l4xx_hal_uart.c.obj
                0x08005ec8                HAL_UART_Init
 .text.HAL_UART_Transmit
                0x08005f64      0x126 cmake/stm32cubemx/CMakeFiles/STM32_Drivers.dir/__/__/Drivers/STM32L4xx_HAL_Driver/Src/stm32l4xx_hal_uart.c.obj
                0x08005f64                HAL_UART_Transmit
 .text.HAL_UART_Receive
                0x0800608a      0x1a0 cmake/stm32cubemx/CMakeFiles/STM32_Drivers.dir/__/__/Drivers/STM32L4xx_HAL_Driver/Src/stm32l4xx_hal_uart.c.obj
                0x0800608a                HAL_UART_Receive
 *fill*         0x0800622a        0x2 
 .text.HAL_UART_IRQHandler
                0x0800622c      0x60c cmake/stm32cubemx/CMakeFiles/STM32_Drivers.dir/__/__/Drivers/STM32L4xx_HAL_Driver/Src/stm32l4xx_hal_uart.c.obj
                0x0800622c                HAL_UART_IRQHandler
 .text.HAL_UART_TxCpltCallback
                0x08006838       0x14 cmake/stm32cubemx/CMakeFiles/STM32_Drivers.dir/__/__/Drivers/STM32L4xx_HAL_Driver/Src/stm32l4xx_hal_uart.c.obj
                0x08006838                HAL_UART_TxCpltCallback
 .text.HAL_UART_ErrorCallback
                0x0800684c       0x14 cmake/stm32cubemx/CMakeFiles/STM32_Drivers.dir/__/__/Drivers/STM32L4xx_HAL_Driver/Src/stm32l4xx_hal_uart.c.obj
                0x0800684c                HAL_UART_ErrorCallback
 .text.HAL_UARTEx_RxEventCallback
                0x08006860       0x18 cmake/stm32cubemx/CMakeFiles/STM32_Drivers.dir/__/__/Drivers/STM32L4xx_HAL_Driver/Src/stm32l4xx_hal_uart.c.obj
                0x08006860                HAL_UARTEx_RxEventCallback
 .text.UART_SetConfig
                0x08006878      0x458 cmake/stm32cubemx/CMakeFiles/STM32_Drivers.dir/__/__/Drivers/STM32L4xx_HAL_Driver/Src/stm32l4xx_hal_uart.c.obj
                0x08006878                UART_SetConfig
 .text.UART_AdvFeatureConfig
                0x08006cd0      0x144 cmake/stm32cubemx/CMakeFiles/STM32_Drivers.dir/__/__/Drivers/STM32L4xx_HAL_Driver/Src/stm32l4xx_hal_uart.c.obj
                0x08006cd0                UART_AdvFeatureConfig
 .text.UART_CheckIdleState
                0x08006e14      0x150 cmake/stm32cubemx/CMakeFiles/STM32_Drivers.dir/__/__/Drivers/STM32L4xx_HAL_Driver/Src/stm32l4xx_hal_uart.c.obj
                0x08006e14                UART_CheckIdleState
 .text.UART_WaitOnFlagUntilTimeout
                0x08006f64       0xda cmake/stm32cubemx/CMakeFiles/STM32_Drivers.dir/__/__/Drivers/STM32L4xx_HAL_Driver/Src/stm32l4xx_hal_uart.c.obj
                0x08006f64                UART_WaitOnFlagUntilTimeout
 .text.UART_EndRxTransfer
                0x0800703e       0xc8 cmake/stm32cubemx/CMakeFiles/STM32_Drivers.dir/__/__/Drivers/STM32L4xx_HAL_Driver/Src/stm32l4xx_hal_uart.c.obj
 .text.UART_DMAAbortOnError
                0x08007106       0x1c cmake/stm32cubemx/CMakeFiles/STM32_Drivers.dir/__/__/Drivers/STM32L4xx_HAL_Driver/Src/stm32l4xx_hal_uart.c.obj
 .text.UART_EndTransmit_IT
                0x08007122       0x54 cmake/stm32cubemx/CMakeFiles/STM32_Drivers.dir/__/__/Drivers/STM32L4xx_HAL_Driver/Src/stm32l4xx_hal_uart.c.obj
 .text.HAL_UARTEx_WakeupCallback
                0x08007176       0x14 cmake/stm32cubemx/CMakeFiles/STM32_Drivers.dir/__/__/Drivers/STM32L4xx_HAL_Driver/Src/stm32l4xx_hal_uart_ex.c.obj
                0x08007176                HAL_UARTEx_WakeupCallback
 .text.LL_USART_EnableIT_RXNE
                0x0800718a       0x42 CMakeFiles/Light_Sensor.dir/Core/Src/main.c.obj
 .text.main     0x080071cc      0x114 CMakeFiles/Light_Sensor.dir/Core/Src/main.c.obj
                0x080071cc                main
 .text.SystemClock_Config
                0x080072e0       0xbc CMakeFiles/Light_Sensor.dir/Core/Src/main.c.obj
                0x080072e0                SystemClock_Config
 .text.MX_ADC1_Init
                0x0800739c       0xc8 CMakeFiles/Light_Sensor.dir/Core/Src/main.c.obj
 .text.MX_RTC_Init
                0x08007464      0x120 CMakeFiles/Light_Sensor.dir/Core/Src/main.c.obj
 .text.MX_TIM2_Init
                0x08007584       0xe0 CMakeFiles/Light_Sensor.dir/Core/Src/main.c.obj
 .text.MX_USART2_UART_Init
                0x08007664       0x64 CMakeFiles/Light_Sensor.dir/Core/Src/main.c.obj
 .text.MX_GPIO_Init
                0x080076c8       0xb8 CMakeFiles/Light_Sensor.dir/Core/Src/main.c.obj
 .text.Error_Handler
                0x08007780        0xc CMakeFiles/Light_Sensor.dir/Core/Src/main.c.obj
                0x08007780                Error_Handler
 .text.LL_USART_IsActiveFlag_ORE
                0x0800778c       0x26 CMakeFiles/Light_Sensor.dir/Core/Src/stm32l4xx_it.c.obj
 .text.LL_USART_IsActiveFlag_RXNE
                0x080077b2       0x26 CMakeFiles/Light_Sensor.dir/Core/Src/stm32l4xx_it.c.obj
 .text.LL_USART_ClearFlag_ORE
                0x080077d8       0x1a CMakeFiles/Light_Sensor.dir/Core/Src/stm32l4xx_it.c.obj
 .text.LL_USART_ReceiveData8
                0x080077f2       0x1a CMakeFiles/Light_Sensor.dir/Core/Src/stm32l4xx_it.c.obj
 .text.NMI_Handler
                0x0800780c        0x8 CMakeFiles/Light_Sensor.dir/Core/Src/stm32l4xx_it.c.obj
                0x0800780c                NMI_Handler
 .text.HardFault_Handler
                0x08007814        0x8 CMakeFiles/Light_Sensor.dir/Core/Src/stm32l4xx_it.c.obj
                0x08007814                HardFault_Handler
 .text.MemManage_Handler
                0x0800781c        0x8 CMakeFiles/Light_Sensor.dir/Core/Src/stm32l4xx_it.c.obj
                0x0800781c                MemManage_Handler
 .text.BusFault_Handler
                0x08007824        0x8 CMakeFiles/Light_Sensor.dir/Core/Src/stm32l4xx_it.c.obj
                0x08007824                BusFault_Handler
 .text.UsageFault_Handler
                0x0800782c        0x8 CMakeFiles/Light_Sensor.dir/Core/Src/stm32l4xx_it.c.obj
                0x0800782c                UsageFault_Handler
 .text.SVC_Handler
                0x08007834        0xe CMakeFiles/Light_Sensor.dir/Core/Src/stm32l4xx_it.c.obj
                0x08007834                SVC_Handler
 .text.DebugMon_Handler
                0x08007842        0xe CMakeFiles/Light_Sensor.dir/Core/Src/stm32l4xx_it.c.obj
                0x08007842                DebugMon_Handler
 .text.PendSV_Handler
                0x08007850        0xe CMakeFiles/Light_Sensor.dir/Core/Src/stm32l4xx_it.c.obj
                0x08007850                PendSV_Handler
 .text.SysTick_Handler
                0x0800785e        0xc CMakeFiles/Light_Sensor.dir/Core/Src/stm32l4xx_it.c.obj
                0x0800785e                SysTick_Handler
 *fill*         0x0800786a        0x2 
 .text.TIM2_IRQHandler
                0x0800786c       0x14 CMakeFiles/Light_Sensor.dir/Core/Src/stm32l4xx_it.c.obj
                0x0800786c                TIM2_IRQHandler
 .text.USART2_IRQHandler
                0x08007880       0x54 CMakeFiles/Light_Sensor.dir/Core/Src/stm32l4xx_it.c.obj
                0x08007880                USART2_IRQHandler
 .text.RTC_Alarm_IRQHandler
                0x080078d4       0x14 CMakeFiles/Light_Sensor.dir/Core/Src/stm32l4xx_it.c.obj
                0x080078d4                RTC_Alarm_IRQHandler
 .text.HAL_MspInit
                0x080078e8       0x48 CMakeFiles/Light_Sensor.dir/Core/Src/stm32l4xx_hal_msp.c.obj
                0x080078e8                HAL_MspInit
 .text.HAL_ADC_MspInit
                0x08007930       0x88 CMakeFiles/Light_Sensor.dir/Core/Src/stm32l4xx_hal_msp.c.obj
                0x08007930                HAL_ADC_MspInit
 .text.HAL_RTC_MspInit
                0x080079b8       0x70 CMakeFiles/Light_Sensor.dir/Core/Src/stm32l4xx_hal_msp.c.obj
                0x080079b8                HAL_RTC_MspInit
 .text.HAL_TIM_Base_MspInit
                0x08007a28       0x90 CMakeFiles/Light_Sensor.dir/Core/Src/stm32l4xx_hal_msp.c.obj
                0x08007a28                HAL_TIM_Base_MspInit
 .text.HAL_UART_MspInit
                0x08007ab8       0xc0 CMakeFiles/Light_Sensor.dir/Core/Src/stm32l4xx_hal_msp.c.obj
                0x08007ab8                HAL_UART_MspInit
 .text._sbrk    0x08007b78       0x6c CMakeFiles/Light_Sensor.dir/Core/Src/sysmem.c.obj
                0x08007b78                _sbrk
 .text._getpid  0x08007be4       0x10 CMakeFiles/Light_Sensor.dir/Core/Src/syscalls.c.obj
                0x08007be4                _getpid
 .text._kill    0x08007bf4       0x20 CMakeFiles/Light_Sensor.dir/Core/Src/syscalls.c.obj
                0x08007bf4                _kill
 .text._exit    0x08007c14       0x16 CMakeFiles/Light_Sensor.dir/Core/Src/syscalls.c.obj
                0x08007c14                _exit
 *fill*         0x08007c2a        0x2 
 .text.Reset_Handler
                0x08007c2c       0x50 CMakeFiles/Light_Sensor.dir/startup_stm32l432xx.s.obj
                0x08007c2c                Reset_Handler
 .text.Default_Handler
                0x08007c7c        0x2 CMakeFiles/Light_Sensor.dir/startup_stm32l432xx.s.obj
                0x08007c7c                TIM1_BRK_TIM15_IRQHandler
                0x08007c7c                TIM1_CC_IRQHandler
                0x08007c7c                TSC_IRQHandler
                0x08007c7c                TAMP_STAMP_IRQHandler
                0x08007c7c                EXTI3_IRQHandler
                0x08007c7c                LPTIM2_IRQHandler
                0x08007c7c                I2C3_ER_IRQHandler
                0x08007c7c                EXTI0_IRQHandler
                0x08007c7c                CAN1_RX0_IRQHandler
                0x08007c7c                FPU_IRQHandler
                0x08007c7c                TIM1_UP_TIM16_IRQHandler
                0x08007c7c                SPI1_IRQHandler
                0x08007c7c                TIM6_DAC_IRQHandler
                0x08007c7c                DMA2_Channel2_IRQHandler
                0x08007c7c                DMA1_Channel4_IRQHandler
                0x08007c7c                ADC1_IRQHandler
                0x08007c7c                DMA1_Channel7_IRQHandler
                0x08007c7c                CAN1_RX1_IRQHandler
                0x08007c7c                DMA2_Channel1_IRQHandler
                0x08007c7c                QUADSPI_IRQHandler
                0x08007c7c                I2C1_EV_IRQHandler
                0x08007c7c                DMA1_Channel6_IRQHandler
                0x08007c7c                DMA2_Channel4_IRQHandler
                0x08007c7c                RCC_IRQHandler
                0x08007c7c                TIM1_TRG_COM_IRQHandler
                0x08007c7c                DMA1_Channel1_IRQHandler
                0x08007c7c                Default_Handler
                0x08007c7c                DMA2_Channel7_IRQHandler
                0x08007c7c                EXTI15_10_IRQHandler
                0x08007c7c                TIM7_IRQHandler
                0x08007c7c                I2C3_EV_IRQHandler
                0x08007c7c                USB_IRQHandler
                0x08007c7c                EXTI9_5_IRQHandler
                0x08007c7c                RTC_WKUP_IRQHandler
                0x08007c7c                PVD_PVM_IRQHandler
                0x08007c7c                CAN1_TX_IRQHandler
                0x08007c7c                DMA2_Channel5_IRQHandler
                0x08007c7c                CRS_IRQHandler
                0x08007c7c                DMA1_Channel5_IRQHandler
                0x08007c7c                EXTI4_IRQHandler
                0x08007c7c                RNG_IRQHandler
                0x08007c7c                DMA1_Channel3_IRQHandler
                0x08007c7c                COMP_IRQHandler
                0x08007c7c                WWDG_IRQHandler
                0x08007c7c                LPUART1_IRQHandler
                0x08007c7c                DMA2_Channel6_IRQHandler
                0x08007c7c                EXTI1_IRQHandler
                0x08007c7c                DMA1_Channel2_IRQHandler
                0x08007c7c                CAN1_SCE_IRQHandler
                0x08007c7c                FLASH_IRQHandler
                0x08007c7c                USART1_IRQHandler
                0x08007c7c                SPI3_IRQHandler
                0x08007c7c                I2C1_ER_IRQHandler
                0x08007c7c                SWPMI1_IRQHandler
                0x08007c7c                LPTIM1_IRQHandler
                0x08007c7c                SAI1_IRQHandler
                0x08007c7c                DMA2_Channel3_IRQHandler
                0x08007c7c                EXTI2_IRQHandler
 *fill*         0x08007c7e        0x2 
 .text.ADC_Read_Channel
                0x08007c80       0xec CMakeFiles/Light_Sensor.dir/Core/Src/adc.c.obj
 .text.readsensor
                0x08007d6c      0x110 CMakeFiles/Light_Sensor.dir/Core/Src/adc.c.obj
                0x08007d6c                readsensor
 .text.battery_read_command
                0x08007e7c       0x64 CMakeFiles/Light_Sensor.dir/Core/Src/battery.c.obj
                0x08007e7c                battery_read_command
 .text.get_command
                0x08007ee0       0xe4 CMakeFiles/Light_Sensor.dir/Core/Src/command.c.obj
                0x08007ee0                get_command
 .text.parse_command
                0x08007fc4       0x6e CMakeFiles/Light_Sensor.dir/Core/Src/command.c.obj
                0x08007fc4                parse_command
 *fill*         0x08008032        0x2 
 .text.execute_command
                0x08008034       0xa0 CMakeFiles/Light_Sensor.dir/Core/Src/command.c.obj
                0x08008034                execute_command
 .text.help_command
                0x080080d4       0x4c CMakeFiles/Light_Sensor.dir/Core/Src/command.c.obj
                0x080080d4                help_command
 .text.find_sentinel_bottom
                0x08008120       0x6c CMakeFiles/Light_Sensor.dir/Core/Src/flash.c.obj
                0x08008120                find_sentinel_bottom
 .text.find_sentinel_top
                0x0800818c       0x38 CMakeFiles/Light_Sensor.dir/Core/Src/flash.c.obj
                0x0800818c                find_sentinel_top
 .text.write_sentinel
                0x080081c4       0x70 CMakeFiles/Light_Sensor.dir/Core/Src/flash.c.obj
                0x080081c4                write_sentinel
 .text.write_record
                0x08008234       0xb4 CMakeFiles/Light_Sensor.dir/Core/Src/flash.c.obj
                0x08008234                write_record
 .text.flash_write_init
                0x080082e8      0x1a0 CMakeFiles/Light_Sensor.dir/Core/Src/flash.c.obj
                0x080082e8                flash_write_init
 .text.pack_time
                0x08008488       0x90 CMakeFiles/Light_Sensor.dir/Core/Src/flash.c.obj
                0x08008488                pack_time
 .text.unpack_time
                0x08008518       0xb2 CMakeFiles/Light_Sensor.dir/Core/Src/flash.c.obj
                0x08008518                unpack_time
 *fill*         0x080085ca        0x2 
 .text.GetPage  0x080085cc       0x80 CMakeFiles/Light_Sensor.dir/Core/Src/flash.c.obj
 .text.GetBank  0x0800864c       0x16 CMakeFiles/Light_Sensor.dir/Core/Src/flash.c.obj
 *fill*         0x08008662        0x2 
 .text.flash_erase
                0x08008664       0xbc CMakeFiles/Light_Sensor.dir/Core/Src/flash.c.obj
                0x08008664                flash_erase
 .text.flash_erase_command
                0x08008720       0x44 CMakeFiles/Light_Sensor.dir/Core/Src/flash.c.obj
                0x08008720                flash_erase_command
 .text.init_queue
                0x08008764       0x28 CMakeFiles/Light_Sensor.dir/Core/Src/queue.c.obj
                0x08008764                init_queue
 .text.enqueue  0x0800878c       0x72 CMakeFiles/Light_Sensor.dir/Core/Src/queue.c.obj
                0x0800878c                enqueue
 .text.dequeue  0x080087fe       0x54 CMakeFiles/Light_Sensor.dir/Core/Src/queue.c.obj
                0x080087fe                dequeue
 .text.disable  0x08008852       0x26 CMakeFiles/Light_Sensor.dir/Core/Src/interrupt.c.obj
                0x08008852                disable
 .text.restore  0x08008878       0x20 CMakeFiles/Light_Sensor.dir/Core/Src/interrupt.c.obj
                0x08008878                restore
 .text.RetargetInit
                0x08008898       0x30 CMakeFiles/Light_Sensor.dir/Core/Src/retarget.c.obj
                0x08008898                RetargetInit
 .text._isatty  0x080088c8       0x2c CMakeFiles/Light_Sensor.dir/Core/Src/retarget.c.obj
                0x080088c8                _isatty
 .text._write   0x080088f4       0x58 CMakeFiles/Light_Sensor.dir/Core/Src/retarget.c.obj
                0x080088f4                _write
 .text._close   0x0800894c       0x2e CMakeFiles/Light_Sensor.dir/Core/Src/retarget.c.obj
                0x0800894c                _close
 .text._lseek   0x0800897a       0x22 CMakeFiles/Light_Sensor.dir/Core/Src/retarget.c.obj
                0x0800897a                _lseek
 .text._read    0x0800899c       0x50 CMakeFiles/Light_Sensor.dir/Core/Src/retarget.c.obj
                0x0800899c                _read
 .text._fstat   0x080089ec       0x36 CMakeFiles/Light_Sensor.dir/Core/Src/retarget.c.obj
                0x080089ec                _fstat
 *fill*         0x08008a22        0x2 
 .text.ds_command
                0x08008a24      0x124 CMakeFiles/Light_Sensor.dir/Core/Src/rtc.c.obj
                0x08008a24                ds_command
 .text.dr_command
                0x08008b48       0x60 CMakeFiles/Light_Sensor.dir/Core/Src/rtc.c.obj
                0x08008b48                dr_command
 .text.ts_command
                0x08008ba8      0x114 CMakeFiles/Light_Sensor.dir/Core/Src/rtc.c.obj
                0x08008ba8                ts_command
 .text.tr_command
                0x08008cbc       0x60 CMakeFiles/Light_Sensor.dir/Core/Src/rtc.c.obj
                0x08008cbc                tr_command
 .text.prompt   0x08008d1c       0x5c CMakeFiles/Light_Sensor.dir/Core/Src/rtc.c.obj
                0x08008d1c                prompt
 .text.log_func
                0x08008d78       0xb8 CMakeFiles/Light_Sensor.dir/Core/Src/sample.c.obj
                0x08008d78                log_func
 .text.log_command
                0x08008e30       0xcc CMakeFiles/Light_Sensor.dir/Core/Src/sample.c.obj
                0x08008e30                log_command
 .text.data_command
                0x08008efc       0xe4 CMakeFiles/Light_Sensor.dir/Core/Src/sample.c.obj
                0x08008efc                data_command
 .text.sample   0x08008fe0      0x108 CMakeFiles/Light_Sensor.dir/Core/Src/sample.c.obj
                0x08008fe0                sample
 .text.sample_command
                0x080090e8       0x28 CMakeFiles/Light_Sensor.dir/Core/Src/sample.c.obj
                0x080090e8                sample_command
 .text.temp_read_command
                0x08009110       0x44 CMakeFiles/Light_Sensor.dir/Core/Src/temperature.c.obj
                0x08009110                temp_read_command
 .text.TSL237_Enable
                0x08009154       0x1a CMakeFiles/Light_Sensor.dir/Core/Src/tsl237.c.obj
 *fill*         0x0800916e        0x2 
 .text.TSL237_ResetCaptureState
                0x08009170       0x54 CMakeFiles/Light_Sensor.dir/Core/Src/tsl237.c.obj
 .text.HAL_TIM_IC_CaptureCallback
                0x080091c4       0xe0 CMakeFiles/Light_Sensor.dir/Core/Src/tsl237.c.obj
                0x080091c4                HAL_TIM_IC_CaptureCallback
 .text.read_tsl237_period
                0x080092a4       0xfc CMakeFiles/Light_Sensor.dir/Core/Src/tsl237.c.obj
                0x080092a4                read_tsl237_period
 .text.read_tsl237_frequency
                0x080093a0       0x40 CMakeFiles/Light_Sensor.dir/Core/Src/tsl237.c.obj
                0x080093a0                read_tsl237_frequency
 .text.tsl237_command
                0x080093e0       0xc0 CMakeFiles/Light_Sensor.dir/Core/Src/tsl237.c.obj
                0x080093e0                tsl237_command
 .text.__cvt    0x080094a0       0xca /opt/ST/STM32CubeCLT_1.21.0/GNU-tools-for-STM32/bin/../lib/gcc/arm-none-eabi/14.3.1/../../../../arm-none-eabi/lib/thumb/v7e-m+fp/hard/libg_nano.a(libc_a-nano-vfprintf_float.o)
                0x080094a0                __cvt
 .text.__exponent
                0x0800956a       0x74 /opt/ST/STM32CubeCLT_1.21.0/GNU-tools-for-STM32/bin/../lib/gcc/arm-none-eabi/14.3.1/../../../../arm-none-eabi/lib/thumb/v7e-m+fp/hard/libg_nano.a(libc_a-nano-vfprintf_float.o)
                0x0800956a                __exponent
 *fill*         0x080095de        0x2 
 .text._printf_float
                0x080095e0      0x450 /opt/ST/STM32CubeCLT_1.21.0/GNU-tools-for-STM32/bin/../lib/gcc/arm-none-eabi/14.3.1/../../../../arm-none-eabi/lib/thumb/v7e-m+fp/hard/libg_nano.a(libc_a-nano-vfprintf_float.o)
                0x080095e0                _printf_float
 .text._printf_common
                0x08009a30       0xda /opt/ST/STM32CubeCLT_1.21.0/GNU-tools-for-STM32/bin/../lib/gcc/arm-none-eabi/14.3.1/../../../../arm-none-eabi/lib/thumb/v7e-m+fp/hard/libg_nano.a(libc_a-nano-vfprintf_i.o)
                0x08009a30                _printf_common
 *fill*         0x08009b0a        0x2 
 .text._printf_i
                0x08009b0c      0x24c /opt/ST/STM32CubeCLT_1.21.0/GNU-tools-for-STM32/bin/../lib/gcc/arm-none-eabi/14.3.1/../../../../arm-none-eabi/lib/thumb/v7e-m+fp/hard/libg_nano.a(libc_a-nano-vfprintf_i.o)
                0x08009b0c                _printf_i
 .text.setvbuf  0x08009d58      0x168 /opt/ST/STM32CubeCLT_1.21.0/GNU-tools-for-STM32/bin/../lib/gcc/arm-none-eabi/14.3.1/../../../../arm-none-eabi/lib/thumb/v7e-m+fp/hard/libg_nano.a(libc_a-setvbuf.o)
                0x08009d58                setvbuf
 .text.std      0x08009ec0       0x6c /opt/ST/STM32CubeCLT_1.21.0/GNU-tools-for-STM32/bin/../lib/gcc/arm-none-eabi/14.3.1/../../../../arm-none-eabi/lib/thumb/v7e-m+fp/hard/libg_nano.a(libc_a-findfp.o)
 .text.stdio_exit_handler
                0x08009f2c       0x18 /opt/ST/STM32CubeCLT_1.21.0/GNU-tools-for-STM32/bin/../lib/gcc/arm-none-eabi/14.3.1/../../../../arm-none-eabi/lib/thumb/v7e-m+fp/hard/libg_nano.a(libc_a-findfp.o)
 .text.cleanup_stdio
                0x08009f44       0x40 /opt/ST/STM32CubeCLT_1.21.0/GNU-tools-for-STM32/bin/../lib/gcc/arm-none-eabi/14.3.1/../../../../arm-none-eabi/lib/thumb/v7e-m+fp/hard/libg_nano.a(libc_a-findfp.o)
 .text.global_stdio_init.part.0
                0x08009f84       0x40 /opt/ST/STM32CubeCLT_1.21.0/GNU-tools-for-STM32/bin/../lib/gcc/arm-none-eabi/14.3.1/../../../../arm-none-eabi/lib/thumb/v7e-m+fp/hard/libg_nano.a(libc_a-findfp.o)
 .text.__sfp_lock_acquire
                0x08009fc4        0xc /opt/ST/STM32CubeCLT_1.21.0/GNU-tools-for-STM32/bin/../lib/gcc/arm-none-eabi/14.3.1/../../../../arm-none-eabi/lib/thumb/v7e-m+fp/hard/libg_nano.a(libc_a-findfp.o)
                0x08009fc4                __sfp_lock_acquire
 .text.__sfp_lock_release
                0x08009fd0        0xc /opt/ST/STM32CubeCLT_1.21.0/GNU-tools-for-STM32/bin/../lib/gcc/arm-none-eabi/14.3.1/../../../../arm-none-eabi/lib/thumb/v7e-m+fp/hard/libg_nano.a(libc_a-findfp.o)
                0x08009fd0                __sfp_lock_release
 .text.__sinit  0x08009fdc       0x30 /opt/ST/STM32CubeCLT_1.21.0/GNU-tools-for-STM32/bin/../lib/gcc/arm-none-eabi/14.3.1/../../../../arm-none-eabi/lib/thumb/v7e-m+fp/hard/libg_nano.a(libc_a-findfp.o)
                0x08009fdc                __sinit
 .text._strtol_l.isra.0
                0x0800a00c       0xf4 /opt/ST/STM32CubeCLT_1.21.0/GNU-tools-for-STM32/bin/../lib/gcc/arm-none-eabi/14.3.1/../../../../arm-none-eabi/lib/thumb/v7e-m+fp/hard/libg_nano.a(libc_a-strtol.o)
 .text.strtol   0x0800a100       0x14 /opt/ST/STM32CubeCLT_1.21.0/GNU-tools-for-STM32/bin/../lib/gcc/arm-none-eabi/14.3.1/../../../../arm-none-eabi/lib/thumb/v7e-m+fp/hard/libg_nano.a(libc_a-strtol.o)
                0x0800a100                strtol
 .text._fwalk_sglue
                0x0800a114       0x3c /opt/ST/STM32CubeCLT_1.21.0/GNU-tools-for-STM32/bin/../lib/gcc/arm-none-eabi/14.3.1/../../../../arm-none-eabi/lib/thumb/v7e-m+fp/hard/libg_nano.a(libc_a-fwalk.o)
                0x0800a114                _fwalk_sglue
 .text.__swhatbuf_r
                0x0800a150       0x48 /opt/ST/STM32CubeCLT_1.21.0/GNU-tools-for-STM32/bin/../lib/gcc/arm-none-eabi/14.3.1/../../../../arm-none-eabi/lib/thumb/v7e-m+fp/hard/libg_nano.a(libc_a-makebuf.o)
                0x0800a150                __swhatbuf_r
 .text.__smakebuf_r
                0x0800a198       0x72 /opt/ST/STM32CubeCLT_1.21.0/GNU-tools-for-STM32/bin/../lib/gcc/arm-none-eabi/14.3.1/../../../../arm-none-eabi/lib/thumb/v7e-m+fp/hard/libg_nano.a(libc_a-makebuf.o)
                0x0800a198                __smakebuf_r
 *fill*         0x0800a20a        0x2 
 .text.printf   0x0800a20c       0x24 /opt/ST/STM32CubeCLT_1.21.0/GNU-tools-for-STM32/bin/../lib/gcc/arm-none-eabi/14.3.1/../../../../arm-none-eabi/lib/thumb/v7e-m+fp/hard/libg_nano.a(libc_a-printf.o)
                0x0800a20c                printf
                0x0800a20c                iprintf
 .text.putchar  0x0800a230       0x10 /opt/ST/STM32CubeCLT_1.21.0/GNU-tools-for-STM32/bin/../lib/gcc/arm-none-eabi/14.3.1/../../../../arm-none-eabi/lib/thumb/v7e-m+fp/hard/libg_nano.a(libc_a-putchar.o)
                0x0800a230                putchar
 .text._puts_r  0x0800a240       0xaa /opt/ST/STM32CubeCLT_1.21.0/GNU-tools-for-STM32/bin/../lib/gcc/arm-none-eabi/14.3.1/../../../../arm-none-eabi/lib/thumb/v7e-m+fp/hard/libg_nano.a(libc_a-puts.o)
                0x0800a240                _puts_r
 *fill*         0x0800a2ea        0x2 
 .text.puts     0x0800a2ec       0x10 /opt/ST/STM32CubeCLT_1.21.0/GNU-tools-for-STM32/bin/../lib/gcc/arm-none-eabi/14.3.1/../../../../arm-none-eabi/lib/thumb/v7e-m+fp/hard/libg_nano.a(libc_a-puts.o)
                0x0800a2ec                puts
 .text.memset   0x0800a2fc       0x10 /opt/ST/STM32CubeCLT_1.21.0/GNU-tools-for-STM32/bin/../lib/gcc/arm-none-eabi/14.3.1/../../../../arm-none-eabi/lib/thumb/v7e-m+fp/hard/libg_nano.a(libc_a-memset.o)
                0x0800a2fc                memset
 .text.strncpy  0x0800a30c       0x26 /opt/ST/STM32CubeCLT_1.21.0/GNU-tools-for-STM32/bin/../lib/gcc/arm-none-eabi/14.3.1/../../../../arm-none-eabi/lib/thumb/v7e-m+fp/hard/libg_nano.a(libc_a-strncpy.o)
                0x0800a30c                strncpy
 *fill*         0x0800a332        0x2 
 .text.strtok   0x0800a334       0x7c /opt/ST/STM32CubeCLT_1.21.0/GNU-tools-for-STM32/bin/../lib/gcc/arm-none-eabi/14.3.1/../../../../arm-none-eabi/lib/thumb/v7e-m+fp/hard/libg_nano.a(libc_a-strtok.o)
                0x0800a334                strtok
 .text.__strtok_r
                0x0800a3b0       0x50 /opt/ST/STM32CubeCLT_1.21.0/GNU-tools-for-STM32/bin/../lib/gcc/arm-none-eabi/14.3.1/../../../../arm-none-eabi/lib/thumb/v7e-m+fp/hard/libg_nano.a(libc_a-strtok_r.o)
                0x0800a3b0                __strtok_r
 .text._isatty_r
                0x0800a400       0x20 /opt/ST/STM32CubeCLT_1.21.0/GNU-tools-for-STM32/bin/../lib/gcc/arm-none-eabi/14.3.1/../../../../arm-none-eabi/lib/thumb/v7e-m+fp/hard/libg_nano.a(libc_a-isattyr.o)
                0x0800a400                _isatty_r
 .text.__errno  0x0800a420        0xc /opt/ST/STM32CubeCLT_1.21.0/GNU-tools-for-STM32/bin/../lib/gcc/arm-none-eabi/14.3.1/../../../../arm-none-eabi/lib/thumb/v7e-m+fp/hard/libg_nano.a(libc_a-errno.o)
                0x0800a420                __errno
 .text.__libc_init_array
                0x0800a42c       0x48 /opt/ST/STM32CubeCLT_1.21.0/GNU-tools-for-STM32/bin/../lib/gcc/arm-none-eabi/14.3.1/../../../../arm-none-eabi/lib/thumb/v7e-m+fp/hard/libg_nano.a(libc_a-init.o)
                0x0800a42c                __libc_init_array
 .text.__retarget_lock_init_recursive
                0x0800a474        0x2 /opt/ST/STM32CubeCLT_1.21.0/GNU-tools-for-STM32/bin/../lib/gcc/arm-none-eabi/14.3.1/../../../../arm-none-eabi/lib/thumb/v7e-m+fp/hard/libg_nano.a(libc_a-lock.o)
                0x0800a474                __retarget_lock_init_recursive
 .text.__retarget_lock_acquire_recursive
                0x0800a476        0x2 /opt/ST/STM32CubeCLT_1.21.0/GNU-tools-for-STM32/bin/../lib/gcc/arm-none-eabi/14.3.1/../../../../arm-none-eabi/lib/thumb/v7e-m+fp/hard/libg_nano.a(libc_a-lock.o)
                0x0800a476                __retarget_lock_acquire_recursive
 .text.__retarget_lock_release_recursive
                0x0800a478        0x2 /opt/ST/STM32CubeCLT_1.21.0/GNU-tools-for-STM32/bin/../lib/gcc/arm-none-eabi/14.3.1/../../../../arm-none-eabi/lib/thumb/v7e-m+fp/hard/libg_nano.a(libc_a-lock.o)
                0x0800a478                __retarget_lock_release_recursive
 *fill*         0x0800a47a        0x2 
 .text._localeconv_r
                0x0800a47c        0x8 /opt/ST/STM32CubeCLT_1.21.0/GNU-tools-for-STM32/bin/../lib/gcc/arm-none-eabi/14.3.1/../../../../arm-none-eabi/lib/thumb/v7e-m+fp/hard/libg_nano.a(libc_a-localeconv.o)
                0x0800a47c                _localeconv_r
 .text._fstat_r
                0x0800a484       0x24 /opt/ST/STM32CubeCLT_1.21.0/GNU-tools-for-STM32/bin/../lib/gcc/arm-none-eabi/14.3.1/../../../../arm-none-eabi/lib/thumb/v7e-m+fp/hard/libg_nano.a(libc_a-fstatr.o)
                0x0800a484                _fstat_r
 .text.__assert_func
                0x0800a4a8       0x3c /opt/ST/STM32CubeCLT_1.21.0/GNU-tools-for-STM32/bin/../lib/gcc/arm-none-eabi/14.3.1/../../../../arm-none-eabi/lib/thumb/v7e-m+fp/hard/libg_nano.a(libc_a-assert.o)
                0x0800a4a8                __assert_func
 .text.quorem   0x0800a4e4      0x110 /opt/ST/STM32CubeCLT_1.21.0/GNU-tools-for-STM32/bin/../lib/gcc/arm-none-eabi/14.3.1/../../../../arm-none-eabi/lib/thumb/v7e-m+fp/hard/libg_nano.a(libc_a-dtoa.o)
 *fill*         0x0800a5f4        0x4 
 .text._dtoa_r  0x0800a5f8      0xbb8 /opt/ST/STM32CubeCLT_1.21.0/GNU-tools-for-STM32/bin/../lib/gcc/arm-none-eabi/14.3.1/../../../../arm-none-eabi/lib/thumb/v7e-m+fp/hard/libg_nano.a(libc_a-dtoa.o)
                0x0800a5f8                _dtoa_r
 .text._free_r  0x0800b1b0       0x94 /opt/ST/STM32CubeCLT_1.21.0/GNU-tools-for-STM32/bin/../lib/gcc/arm-none-eabi/14.3.1/../../../../arm-none-eabi/lib/thumb/v7e-m+fp/hard/libg_nano.a(libc_a-freer.o)
                0x0800b1b0                _free_r
 .text.__sfputc_r
                0x0800b244       0x2e /opt/ST/STM32CubeCLT_1.21.0/GNU-tools-for-STM32/bin/../lib/gcc/arm-none-eabi/14.3.1/../../../../arm-none-eabi/lib/thumb/v7e-m+fp/hard/libg_nano.a(libc_a-nano-vfprintf.o)
 .text.__sfputs_r
                0x0800b272       0x24 /opt/ST/STM32CubeCLT_1.21.0/GNU-tools-for-STM32/bin/../lib/gcc/arm-none-eabi/14.3.1/../../../../arm-none-eabi/lib/thumb/v7e-m+fp/hard/libg_nano.a(libc_a-nano-vfprintf.o)
                0x0800b272                __sfputs_r
 *fill*         0x0800b296        0x2 
 .text._vfprintf_r
                0x0800b298      0x228 /opt/ST/STM32CubeCLT_1.21.0/GNU-tools-for-STM32/bin/../lib/gcc/arm-none-eabi/14.3.1/../../../../arm-none-eabi/lib/thumb/v7e-m+fp/hard/libg_nano.a(libc_a-nano-vfprintf.o)
                0x0800b298                _vfiprintf_r
                0x0800b298                _vfprintf_r
 .text.malloc   0x0800b4c0       0x10 /opt/ST/STM32CubeCLT_1.21.0/GNU-tools-for-STM32/bin/../lib/gcc/arm-none-eabi/14.3.1/../../../../arm-none-eabi/lib/thumb/v7e-m+fp/hard/libg_nano.a(libc_a-malloc.o)
                0x0800b4c0                malloc
 .text.sbrk_aligned
                0x0800b4d0       0x44 /opt/ST/STM32CubeCLT_1.21.0/GNU-tools-for-STM32/bin/../lib/gcc/arm-none-eabi/14.3.1/../../../../arm-none-eabi/lib/thumb/v7e-m+fp/hard/libg_nano.a(libc_a-mallocr.o)
 .text._malloc_r
                0x0800b514      0x100 /opt/ST/STM32CubeCLT_1.21.0/GNU-tools-for-STM32/bin/../lib/gcc/arm-none-eabi/14.3.1/../../../../arm-none-eabi/lib/thumb/v7e-m+fp/hard/libg_nano.a(libc_a-mallocr.o)
                0x0800b514                _malloc_r
 .text.__sflush_r
                0x0800b614      0x104 /opt/ST/STM32CubeCLT_1.21.0/GNU-tools-for-STM32/bin/../lib/gcc/arm-none-eabi/14.3.1/../../../../arm-none-eabi/lib/thumb/v7e-m+fp/hard/libg_nano.a(libc_a-fflush.o)
                0x0800b614                __sflush_r
 .text._fflush_r
                0x0800b718       0x50 /opt/ST/STM32CubeCLT_1.21.0/GNU-tools-for-STM32/bin/../lib/gcc/arm-none-eabi/14.3.1/../../../../arm-none-eabi/lib/thumb/v7e-m+fp/hard/libg_nano.a(libc_a-fflush.o)
                0x0800b718                _fflush_r
 .text.__malloc_lock
                0x0800b768        0xc /opt/ST/STM32CubeCLT_1.21.0/GNU-tools-for-STM32/bin/../lib/gcc/arm-none-eabi/14.3.1/../../../../arm-none-eabi/lib/thumb/v7e-m+fp/hard/libg_nano.a(libc_a-mlock.o)
                0x0800b768                __malloc_lock
 .text.__malloc_unlock
                0x0800b774        0xc /opt/ST/STM32CubeCLT_1.21.0/GNU-tools-for-STM32/bin/../lib/gcc/arm-none-eabi/14.3.1/../../../../arm-none-eabi/lib/thumb/v7e-m+fp/hard/libg_nano.a(libc_a-mlock.o)
                0x0800b774                __malloc_unlock
 .text._Balloc  0x0800b780       0x7c /opt/ST/STM32CubeCLT_1.21.0/GNU-tools-for-STM32/bin/../lib/gcc/arm-none-eabi/14.3.1/../../../../arm-none-eabi/lib/thumb/v7e-m+fp/hard/libg_nano.a(libc_a-mprec.o)
                0x0800b780                _Balloc
 .text._Bfree   0x0800b7fc       0x44 /opt/ST/STM32CubeCLT_1.21.0/GNU-tools-for-STM32/bin/../lib/gcc/arm-none-eabi/14.3.1/../../../../arm-none-eabi/lib/thumb/v7e-m+fp/hard/libg_nano.a(libc_a-mprec.o)
                0x0800b7fc                _Bfree
 .text.__multadd
                0x0800b840       0x8c /opt/ST/STM32CubeCLT_1.21.0/GNU-tools-for-STM32/bin/../lib/gcc/arm-none-eabi/14.3.1/../../../../arm-none-eabi/lib/thumb/v7e-m+fp/hard/libg_nano.a(libc_a-mprec.o)
                0x0800b840                __multadd
 .text.__hi0bits
                0x0800b8cc       0x3e /opt/ST/STM32CubeCLT_1.21.0/GNU-tools-for-STM32/bin/../lib/gcc/arm-none-eabi/14.3.1/../../../../arm-none-eabi/lib/thumb/v7e-m+fp/hard/libg_nano.a(libc_a-mprec.o)
                0x0800b8cc                __hi0bits
 .text.__lo0bits
                0x0800b90a       0x5a /opt/ST/STM32CubeCLT_1.21.0/GNU-tools-for-STM32/bin/../lib/gcc/arm-none-eabi/14.3.1/../../../../arm-none-eabi/lib/thumb/v7e-m+fp/hard/libg_nano.a(libc_a-mprec.o)
                0x0800b90a                __lo0bits
 .text.__i2b    0x0800b964       0x2c /opt/ST/STM32CubeCLT_1.21.0/GNU-tools-for-STM32/bin/../lib/gcc/arm-none-eabi/14.3.1/../../../../arm-none-eabi/lib/thumb/v7e-m+fp/hard/libg_nano.a(libc_a-mprec.o)
                0x0800b964                __i2b
 .text.__multiply
                0x0800b990      0x154 /opt/ST/STM32CubeCLT_1.21.0/GNU-tools-for-STM32/bin/../lib/gcc/arm-none-eabi/14.3.1/../../../../arm-none-eabi/lib/thumb/v7e-m+fp/hard/libg_nano.a(libc_a-mprec.o)
                0x0800b990                __multiply
 .text.__pow5mult
                0x0800bae4       0xb8 /opt/ST/STM32CubeCLT_1.21.0/GNU-tools-for-STM32/bin/../lib/gcc/arm-none-eabi/14.3.1/../../../../arm-none-eabi/lib/thumb/v7e-m+fp/hard/libg_nano.a(libc_a-mprec.o)
                0x0800bae4                __pow5mult
 .text.__lshift
                0x0800bb9c       0xdc /opt/ST/STM32CubeCLT_1.21.0/GNU-tools-for-STM32/bin/../lib/gcc/arm-none-eabi/14.3.1/../../../../arm-none-eabi/lib/thumb/v7e-m+fp/hard/libg_nano.a(libc_a-mprec.o)
                0x0800bb9c                __lshift
 .text.__mcmp   0x0800bc78       0x36 /opt/ST/STM32CubeCLT_1.21.0/GNU-tools-for-STM32/bin/../lib/gcc/arm-none-eabi/14.3.1/../../../../arm-none-eabi/lib/thumb/v7e-m+fp/hard/libg_nano.a(libc_a-mprec.o)
                0x0800bc78                __mcmp
 *fill*         0x0800bcae        0x2 
 .text.__mdiff  0x0800bcb0      0x130 /opt/ST/STM32CubeCLT_1.21.0/GNU-tools-for-STM32/bin/../lib/gcc/arm-none-eabi/14.3.1/../../../../arm-none-eabi/lib/thumb/v7e-m+fp/hard/libg_nano.a(libc_a-mprec.o)
                0x0800bcb0                __mdiff
 .text.__d2b    0x0800bde0       0xb0 /opt/ST/STM32CubeCLT_1.21.0/GNU-tools-for-STM32/bin/../lib/gcc/arm-none-eabi/14.3.1/../../../../arm-none-eabi/lib/thumb/v7e-m+fp/hard/libg_nano.a(libc_a-mprec.o)
                0x0800bde0                __d2b
 .text.__sread  0x0800be90       0x22 /opt/ST/STM32CubeCLT_1.21.0/GNU-tools-for-STM32/bin/../lib/gcc/arm-none-eabi/14.3.1/../../../../arm-none-eabi/lib/thumb/v7e-m+fp/hard/libg_nano.a(libc_a-stdio.o)
                0x0800be90                __sread
 .text.__swrite
                0x0800beb2       0x38 /opt/ST/STM32CubeCLT_1.21.0/GNU-tools-for-STM32/bin/../lib/gcc/arm-none-eabi/14.3.1/../../../../arm-none-eabi/lib/thumb/v7e-m+fp/hard/libg_nano.a(libc_a-stdio.o)
                0x0800beb2                __swrite
 .text.__sseek  0x0800beea       0x26 /opt/ST/STM32CubeCLT_1.21.0/GNU-tools-for-STM32/bin/../lib/gcc/arm-none-eabi/14.3.1/../../../../arm-none-eabi/lib/thumb/v7e-m+fp/hard/libg_nano.a(libc_a-stdio.o)
                0x0800beea                __sseek
 .text.__sclose
                0x0800bf10        0x8 /opt/ST/STM32CubeCLT_1.21.0/GNU-tools-for-STM32/bin/../lib/gcc/arm-none-eabi/14.3.1/../../../../arm-none-eabi/lib/thumb/v7e-m+fp/hard/libg_nano.a(libc_a-stdio.o)
                0x0800bf10                __sclose
 .text.fprintf  0x0800bf18       0x24 /opt/ST/STM32CubeCLT_1.21.0/GNU-tools-for-STM32/bin/../lib/gcc/arm-none-eabi/14.3.1/../../../../arm-none-eabi/lib/thumb/v7e-m+fp/hard/libg_nano.a(libc_a-fprintf.o)
                0x0800bf18                fprintf
                0x0800bf18                fiprintf
 .text.__swbuf_r
                0x0800bf3c       0x7c /opt/ST/STM32CubeCLT_1.21.0/GNU-tools-for-STM32/bin/../lib/gcc/arm-none-eabi/14.3.1/../../../../arm-none-eabi/lib/thumb/v7e-m+fp/hard/libg_nano.a(libc_a-wbuf.o)
                0x0800bf3c                __swbuf_r
 .text.__swsetup_r
                0x0800bfb8       0xa8 /opt/ST/STM32CubeCLT_1.21.0/GNU-tools-for-STM32/bin/../lib/gcc/arm-none-eabi/14.3.1/../../../../arm-none-eabi/lib/thumb/v7e-m+fp/hard/libg_nano.a(libc_a-wsetup.o)
                0x0800bfb8                __swsetup_r
 .text._putc_r  0x0800c060       0x68 /opt/ST/STM32CubeCLT_1.21.0/GNU-tools-for-STM32/bin/../lib/gcc/arm-none-eabi/14.3.1/../../../../arm-none-eabi/lib/thumb/v7e-m+fp/hard/libg_nano.a(libc_a-putc.o)
                0x0800c060                _putc_r
 .text._lseek_r
                0x0800c0c8       0x24 /opt/ST/STM32CubeCLT_1.21.0/GNU-tools-for-STM32/bin/../lib/gcc/arm-none-eabi/14.3.1/../../../../arm-none-eabi/lib/thumb/v7e-m+fp/hard/libg_nano.a(libc_a-lseekr.o)
                0x0800c0c8                _lseek_r
 .text._read_r  0x0800c0ec       0x24 /opt/ST/STM32CubeCLT_1.21.0/GNU-tools-for-STM32/bin/../lib/gcc/arm-none-eabi/14.3.1/../../../../arm-none-eabi/lib/thumb/v7e-m+fp/hard/libg_nano.a(libc_a-readr.o)
                0x0800c0ec                _read_r
 .text._sbrk_r  0x0800c110       0x20 /opt/ST/STM32CubeCLT_1.21.0/GNU-tools-for-STM32/bin/../lib/gcc/arm-none-eabi/14.3.1/../../../../arm-none-eabi/lib/thumb/v7e-m+fp/hard/libg_nano.a(libc_a-sbrkr.o)
                0x0800c110                _sbrk_r
 .text._write_r
                0x0800c130       0x24 /opt/ST/STM32CubeCLT_1.21.0/GNU-tools-for-STM32/bin/../lib/gcc/arm-none-eabi/14.3.1/../../../../arm-none-eabi/lib/thumb/v7e-m+fp/hard/libg_nano.a(libc_a-writer.o)
                0x0800c130                _write_r
 .text._close_r
                0x0800c154       0x20 /opt/ST/STM32CubeCLT_1.21.0/GNU-tools-for-STM32/bin/../lib/gcc/arm-none-eabi/14.3.1/../../../../arm-none-eabi/lib/thumb/v7e-m+fp/hard/libg_nano.a(libc_a-closer.o)
                0x0800c154                _close_r
 .text.memcpy   0x0800c174       0x1c /opt/ST/STM32CubeCLT_1.21.0/GNU-tools-for-STM32/bin/../lib/gcc/arm-none-eabi/14.3.1/../../../../arm-none-eabi/lib/thumb/v7e-m+fp/hard/libg_nano.a(libc_a-memcpy-stub.o)
                0x0800c174                memcpy
 .text.abort    0x0800c190        0xe /opt/ST/STM32CubeCLT_1.21.0/GNU-tools-for-STM32/bin/../lib/gcc/arm-none-eabi/14.3.1/../../../../arm-none-eabi/lib/thumb/v7e-m+fp/hard/libg_nano.a(libc_a-abort.o)
                0x0800c190                abort
 .text._calloc_r
                0x0800c19e       0x28 /opt/ST/STM32CubeCLT_1.21.0/GNU-tools-for-STM32/bin/../lib/gcc/arm-none-eabi/14.3.1/../../../../arm-none-eabi/lib/thumb/v7e-m+fp/hard/libg_nano.a(libc_a-callocr.o)
                0x0800c19e                _calloc_r
 .text.__ascii_mbtowc
                0x0800c1c6       0x24 /opt/ST/STM32CubeCLT_1.21.0/GNU-tools-for-STM32/bin/../lib/gcc/arm-none-eabi/14.3.1/../../../../arm-none-eabi/lib/thumb/v7e-m+fp/hard/libg_nano.a(libc_a-mbtowc_r.o)
                0x0800c1c6                __ascii_mbtowc
 .text.__ascii_wctomb
                0x0800c1ea       0x1a /opt/ST/STM32CubeCLT_1.21.0/GNU-tools-for-STM32/bin/../lib/gcc/arm-none-eabi/14.3.1/../../../../arm-none-eabi/lib/thumb/v7e-m+fp/hard/libg_nano.a(libc_a-wctomb_r.o)
                0x0800c1ea                __ascii_wctomb
 .text._raise_r
                0x0800c204       0x50 /opt/ST/STM32CubeCLT_1.21.0/GNU-tools-for-STM32/bin/../lib/gcc/arm-none-eabi/14.3.1/../../../../arm-none-eabi/lib/thumb/v7e-m+fp/hard/libg_nano.a(libc_a-signal.o)
                0x0800c204                _raise_r
 .text.raise    0x0800c254       0x10 /opt/ST/STM32CubeCLT_1.21.0/GNU-tools-for-STM32/bin/../lib/gcc/arm-none-eabi/14.3.1/../../../../arm-none-eabi/lib/thumb/v7e-m+fp/hard/libg_nano.a(libc_a-signal.o)
                0x0800c254                raise
 .text._kill_r  0x0800c264       0x24 /opt/ST/STM32CubeCLT_1.21.0/GNU-tools-for-STM32/bin/../lib/gcc/arm-none-eabi/14.3.1/../../../../arm-none-eabi/lib/thumb/v7e-m+fp/hard/libg_nano.a(libc_a-signalr.o)
                0x0800c264                _kill_r
 .text._getpid_r
                0x0800c288        0x4 /opt/ST/STM32CubeCLT_1.21.0/GNU-tools-for-STM32/bin/../lib/gcc/arm-none-eabi/14.3.1/../../../../arm-none-eabi/lib/thumb/v7e-m+fp/hard/libg_nano.a(libc_a-signalr.o)
                0x0800c288                _getpid_r
 *(.glue_7)
 .glue_7        0x0800c28c        0x0 linker stubs
 *(.glue_7t)
 .glue_7t       0x0800c28c        0x0 linker stubs
 *(.eh_frame)
 .eh_frame      0x0800c28c        0x0 /opt/ST/STM32CubeCLT_1.21.0/GNU-tools-for-STM32/bin/../lib/gcc/arm-none-eabi/14.3.1/thumb/v7e-m+fp/hard/crtbegin.o
 *(.init)
 .init          0x0800c28c        0x4 /opt/ST/STM32CubeCLT_1.21.0/GNU-tools-for-STM32/bin/../lib/gcc/arm-none-eabi/14.3.1/thumb/v7e-m+fp/hard/crti.o
                0x0800c28c                _init
 .init          0x0800c290        0x8 /opt/ST/STM32CubeCLT_1.21.0/GNU-tools-for-STM32/bin/../lib/gcc/arm-none-eabi/14.3.1/thumb/v7e-m+fp/hard/crtn.o
 *(.fini)
 .fini          0x0800c298        0x4 /opt/ST/STM32CubeCLT_1.21.0/GNU-tools-for-STM32/bin/../lib/gcc/arm-none-eabi/14.3.1/thumb/v7e-m+fp/hard/crti.o
                0x0800c298                _fini
 .fini          0x0800c29c        0x8 /opt/ST/STM32CubeCLT_1.21.0/GNU-tools-for-STM32/bin/../lib/gcc/arm-none-eabi/14.3.1/thumb/v7e-m+fp/hard/crtn.o
                0x0800c2a8                        . = ALIGN (0x8)
 *fill*         0x0800c2a4        0x4 
                0x0800c2a8                        _etext = .

.vfp11_veneer   0x0800c2a8        0x0
 .vfp11_veneer  0x0800c2a8        0x0 linker stubs

.v4_bx          0x0800c2a8        0x0
 .v4_bx         0x0800c2a8        0x0 linker stubs

.iplt           0x0800c2a8        0x0
 .iplt          0x0800c2a8        0x0 /opt/ST/STM32CubeCLT_1.21.0/GNU-tools-for-STM32/bin/../lib/gcc/arm-none-eabi/14.3.1/thumb/v7e-m+fp/hard/crtbegin.o

.rodata         0x0800c2a8      0xa70
                0x0800c2a8                        . = ALIGN (0x8)
 *(.rodata)
 .rodata        0x0800c2a8       0x5b CMakeFiles/Light_Sensor.dir/Core/Src/main.c.obj
 *fill*         0x0800c303        0x1 
 .rodata        0x0800c304      0x101 CMakeFiles/Light_Sensor.dir/Core/Src/adc.c.obj
 *fill*         0x0800c405        0x3 
 .rodata        0x0800c408       0x19 CMakeFiles/Light_Sensor.dir/Core/Src/battery.c.obj
 *fill*         0x0800c421        0x3 
 .rodata        0x0800c424      0x1d1 CMakeFiles/Light_Sensor.dir/Core/Src/command.c.obj
 *fill*         0x0800c5f5        0x3 
 .rodata        0x0800c5f8       0xee CMakeFiles/Light_Sensor.dir/Core/Src/flash.c.obj
 *fill*         0x0800c6e6        0x2 
 .rodata        0x0800c6e8       0x6b CMakeFiles/Light_Sensor.dir/Core/Src/rtc.c.obj
 *fill*         0x0800c753        0x1 
 .rodata        0x0800c754       0xb1 CMakeFiles/Light_Sensor.dir/Core/Src/sample.c.obj
 *fill*         0x0800c805        0x3 
 .rodata        0x0800c808       0x15 CMakeFiles/Light_Sensor.dir/Core/Src/temperature.c.obj
 *fill*         0x0800c81d        0x3 
 .rodata        0x0800c820       0xe4 CMakeFiles/Light_Sensor.dir/Core/Src/tsl237.c.obj
 *(.rodata*)
 .rodata.AHBPrescTable
                0x0800c904       0x10 cmake/stm32cubemx/CMakeFiles/STM32_Drivers.dir/__/__/Core/Src/system_stm32l4xx.c.obj
                0x0800c904                AHBPrescTable
 .rodata.APBPrescTable
                0x0800c914        0x8 cmake/stm32cubemx/CMakeFiles/STM32_Drivers.dir/__/__/Core/Src/system_stm32l4xx.c.obj
                0x0800c914                APBPrescTable
 .rodata.MSIRangeTable
                0x0800c91c       0x30 cmake/stm32cubemx/CMakeFiles/STM32_Drivers.dir/__/__/Core/Src/system_stm32l4xx.c.obj
                0x0800c91c                MSIRangeTable
 .rodata._printf_float.str1.1
                0x0800c94c      0x1cb /opt/ST/STM32CubeCLT_1.21.0/GNU-tools-for-STM32/bin/../lib/gcc/arm-none-eabi/14.3.1/../../../../arm-none-eabi/lib/thumb/v7e-m+fp/hard/libg_nano.a(libc_a-nano-vfprintf_float.o)
                                 0x12 (size before relaxing)
 .rodata._printf_i.str1.1
                0x0800cb17       0x22 /opt/ST/STM32CubeCLT_1.21.0/GNU-tools-for-STM32/bin/../lib/gcc/arm-none-eabi/14.3.1/../../../../arm-none-eabi/lib/thumb/v7e-m+fp/hard/libg_nano.a(libc_a-nano-vfprintf_i.o)
 .rodata.strtok.str1.1
                0x0800cb17       0x71 /opt/ST/STM32CubeCLT_1.21.0/GNU-tools-for-STM32/bin/../lib/gcc/arm-none-eabi/14.3.1/../../../../arm-none-eabi/lib/thumb/v7e-m+fp/hard/libg_nano.a(libc_a-strtok.o)
 .rodata._ctype_
                0x0800cb17      0x101 /opt/ST/STM32CubeCLT_1.21.0/GNU-tools-for-STM32/bin/../lib/gcc/arm-none-eabi/14.3.1/../../../../arm-none-eabi/lib/thumb/v7e-m+fp/hard/libg_nano.a(libc_a-ctype_.o)
                0x0800cb17                _ctype_
 .rodata.__assert_func.str1.1
                0x0800cc18       0x3d /opt/ST/STM32CubeCLT_1.21.0/GNU-tools-for-STM32/bin/../lib/gcc/arm-none-eabi/14.3.1/../../../../arm-none-eabi/lib/thumb/v7e-m+fp/hard/libg_nano.a(libc_a-assert.o)
 .rodata._dtoa_r.str1.1
                0x0800cc18       0x8f /opt/ST/STM32CubeCLT_1.21.0/GNU-tools-for-STM32/bin/../lib/gcc/arm-none-eabi/14.3.1/../../../../arm-none-eabi/lib/thumb/v7e-m+fp/hard/libg_nano.a(libc_a-dtoa.o)
 .rodata._vfprintf_r.str1.1
                0x0800cc18       0x11 /opt/ST/STM32CubeCLT_1.21.0/GNU-tools-for-STM32/bin/../lib/gcc/arm-none-eabi/14.3.1/../../../../arm-none-eabi/lib/thumb/v7e-m+fp/hard/libg_nano.a(libc_a-nano-vfprintf.o)
 .rodata._Balloc.str1.1
                0x0800cc18       0x70 /opt/ST/STM32CubeCLT_1.21.0/GNU-tools-for-STM32/bin/../lib/gcc/arm-none-eabi/14.3.1/../../../../arm-none-eabi/lib/thumb/v7e-m+fp/hard/libg_nano.a(libc_a-mprec.o)
 .rodata.__multadd.str1.1
                0x0800cc18       0x11 /opt/ST/STM32CubeCLT_1.21.0/GNU-tools-for-STM32/bin/../lib/gcc/arm-none-eabi/14.3.1/../../../../arm-none-eabi/lib/thumb/v7e-m+fp/hard/libg_nano.a(libc_a-mprec.o)
 .rodata.p05.0  0x0800cc18        0xc /opt/ST/STM32CubeCLT_1.21.0/GNU-tools-for-STM32/bin/../lib/gcc/arm-none-eabi/14.3.1/../../../../arm-none-eabi/lib/thumb/v7e-m+fp/hard/libg_nano.a(libc_a-mprec.o)
 *fill*         0x0800cc24        0x4 
 .rodata.__mprec_bigtens
                0x0800cc28       0x28 /opt/ST/STM32CubeCLT_1.21.0/GNU-tools-for-STM32/bin/../lib/gcc/arm-none-eabi/14.3.1/../../../../arm-none-eabi/lib/thumb/v7e-m+fp/hard/libg_nano.a(libc_a-mprec.o)
                0x0800cc28                __mprec_bigtens
 .rodata.__mprec_tens
                0x0800cc50       0xc8 /opt/ST/STM32CubeCLT_1.21.0/GNU-tools-for-STM32/bin/../lib/gcc/arm-none-eabi/14.3.1/../../../../arm-none-eabi/lib/thumb/v7e-m+fp/hard/libg_nano.a(libc_a-mprec.o)
                0x0800cc50                __mprec_tens
 .rodata._setlocale_r.str1.1
                0x0800cd18        0x9 /opt/ST/STM32CubeCLT_1.21.0/GNU-tools-for-STM32/bin/../lib/gcc/arm-none-eabi/14.3.1/../../../../arm-none-eabi/lib/thumb/v7e-m+fp/hard/libg_nano.a(libc_a-locale.o)
 .rodata.str1.1
                0x0800cd18        0x2 /opt/ST/STM32CubeCLT_1.21.0/GNU-tools-for-STM32/bin/../lib/gcc/arm-none-eabi/14.3.1/../../../../arm-none-eabi/lib/thumb/v7e-m+fp/hard/libg_nano.a(libc_a-locale.o)
                0x0800cd28                        . = ALIGN (0x8)

.ARM.extab      0x0800cd18        0x0
                0x0800cd18                        . = ALIGN (0x8)
 *(.ARM.extab* .gnu.linkonce.armextab.*)
                0x0800cd18                        . = ALIGN (0x8)

.ARM            0x0800cd18        0x8
                0x0800cd18                        . = ALIGN (0x8)
                0x0800cd18                        __exidx_start = .
 *(.ARM.exidx*)
 .ARM.exidx     0x0800cd18        0x8 /opt/ST/STM32CubeCLT_1.21.0/GNU-tools-for-STM32/bin/../lib/gcc/arm-none-eabi/14.3.1/thumb/v7e-m+fp/hard/libgcc.a(_udivmoddi4.o)
 .ARM.exidx     0x0800cd20        0x0 /opt/ST/STM32CubeCLT_1.21.0/GNU-tools-for-STM32/bin/../lib/gcc/arm-none-eabi/14.3.1/../../../../arm-none-eabi/lib/thumb/v7e-m+fp/hard/libg_nano.a(libc_a-strcmp.o)
                                  0x8 (size before relaxing)
 .ARM.exidx     0x0800cd20        0x0 /opt/ST/STM32CubeCLT_1.21.0/GNU-tools-for-STM32/bin/../lib/gcc/arm-none-eabi/14.3.1/../../../../arm-none-eabi/lib/thumb/v7e-m+fp/hard/libg_nano.a(libc_a-memchr.o)
                                  0x8 (size before relaxing)
 .ARM.exidx     0x0800cd20        0x0 /opt/ST/STM32CubeCLT_1.21.0/GNU-tools-for-STM32/bin/../lib/gcc/arm-none-eabi/14.3.1/../../../../arm-none-eabi/lib/thumb/v7e-m+fp/hard/libg_nano.a(libc_a-strlen.o)
                                  0x8 (size before relaxing)
                0x0800cd20                        __exidx_end = .
                0x0800cd20                        . = ALIGN (0x8)

.preinit_array  0x0800cd20        0x0
                0x0800cd20                        . = ALIGN (0x8)
                0x0800cd20                        PROVIDE (__preinit_array_start = .)
 *(.preinit_array*)
                0x0800cd20                        PROVIDE (__preinit_array_end = .)
                0x0800cd20                        . = ALIGN (0x8)

.init_array     0x0800cd20        0x8
                0x0800cd20                        . = ALIGN (0x8)
                0x0800cd20                        PROVIDE (__init_array_start = .)
 *(SORT_BY_NAME(.init_array.*))
 *(.init_array*)
 .init_array    0x0800cd20        0x4 /opt/ST/STM32CubeCLT_1.21.0/GNU-tools-for-STM32/bin/../lib/gcc/arm-none-eabi/14.3.1/thumb/v7e-m+fp/hard/crtbegin.o
                0x0800cd24                        PROVIDE (__init_array_end = .)
                0x0800cd28                        . = ALIGN (0x8)
 *fill*         0x0800cd24        0x4 

.fini_array     0x0800cd28        0x8
                0x0800cd28                        . = ALIGN (0x8)
                [!provide]                        PROVIDE (__fini_array_start = .)
 *(SORT_BY_NAME(.fini_array.*))
 *(.fini_array*)
 .fini_array    0x0800cd28        0x4 /opt/ST/STM32CubeCLT_1.21.0/GNU-tools-for-STM32/bin/../lib/gcc/arm-none-eabi/14.3.1/thumb/v7e-m+fp/hard/crtbegin.o
                0x0800cd2c                        PROVIDE (__fini_array_end = .)
                0x0800cd30                        . = ALIGN (0x8)
 *fill*         0x0800cd2c        0x4 
                0x0800cd30                        _sidata = LOADADDR (.data)

.rel.dyn        0x0800cd30        0x0
 .rel.iplt      0x0800cd30        0x0 /opt/ST/STM32CubeCLT_1.21.0/GNU-tools-for-STM32/bin/../lib/gcc/arm-none-eabi/14.3.1/thumb/v7e-m+fp/hard/crtbegin.o

.data           0x20000000      0x260 load address 0x0800cd30
                0x20000000                        . = ALIGN (0x8)
                0x20000000                        _sdata = .
 *(.data)
 *(.data*)
 .data.SystemCoreClock
                0x20000000        0x4 cmake/stm32cubemx/CMakeFiles/STM32_Drivers.dir/__/__/Core/Src/system_stm32l4xx.c.obj
                0x20000000                SystemCoreClock
 .data.uwTickPrio
                0x20000004        0x4 cmake/stm32cubemx/CMakeFiles/STM32_Drivers.dir/__/__/Drivers/STM32L4xx_HAL_Driver/Src/stm32l4xx_hal.c.obj
                0x20000004                uwTickPrio
 .data.uwTickFreq
                0x20000008        0x1 cmake/stm32cubemx/CMakeFiles/STM32_Drivers.dir/__/__/Drivers/STM32L4xx_HAL_Driver/Src/stm32l4xx_hal.c.obj
                0x20000008                uwTickFreq
 *fill*         0x20000009        0x3 
 .data.pFlash   0x2000000c       0x20 cmake/stm32cubemx/CMakeFiles/STM32_Drivers.dir/__/__/Drivers/STM32L4xx_HAL_Driver/Src/stm32l4xx_hal_flash.c.obj
                0x2000000c                pFlash
 .data.MAX_COMMAND_LEN
                0x2000002c        0x4 CMakeFiles/Light_Sensor.dir/Core/Src/main.c.obj
                0x2000002c                MAX_COMMAND_LEN
 .data.commands
                0x20000030       0x68 CMakeFiles/Light_Sensor.dir/Core/Src/command.c.obj
                0x20000030                commands
 .data.__sglue  0x20000098        0xc /opt/ST/STM32CubeCLT_1.21.0/GNU-tools-for-STM32/bin/../lib/gcc/arm-none-eabi/14.3.1/../../../../arm-none-eabi/lib/thumb/v7e-m+fp/hard/libg_nano.a(libc_a-findfp.o)
                0x20000098                __sglue
 .data._impure_ptr
                0x200000a4        0x4 /opt/ST/STM32CubeCLT_1.21.0/GNU-tools-for-STM32/bin/../lib/gcc/arm-none-eabi/14.3.1/../../../../arm-none-eabi/lib/thumb/v7e-m+fp/hard/libg_nano.a(libc_a-impure.o)
                0x200000a4                _impure_ptr
 .data._impure_data
                0x200000a8       0x4c /opt/ST/STM32CubeCLT_1.21.0/GNU-tools-for-STM32/bin/../lib/gcc/arm-none-eabi/14.3.1/../../../../arm-none-eabi/lib/thumb/v7e-m+fp/hard/libg_nano.a(libc_a-impure.o)
                0x200000a8                _impure_data
 .data.__global_locale
                0x200000f4      0x16c /opt/ST/STM32CubeCLT_1.21.0/GNU-tools-for-STM32/bin/../lib/gcc/arm-none-eabi/14.3.1/../../../../arm-none-eabi/lib/thumb/v7e-m+fp/hard/libg_nano.a(libc_a-locale.o)
                0x200000f4                __global_locale
 *(.RamFunc)
 *(.RamFunc*)
                0x20000260                        . = ALIGN (0x8)

.igot.plt       0x20000260        0x0 load address 0x0800cf90
 .igot.plt      0x20000260        0x0 /opt/ST/STM32CubeCLT_1.21.0/GNU-tools-for-STM32/bin/../lib/gcc/arm-none-eabi/14.3.1/thumb/v7e-m+fp/hard/crtbegin.o

.tdata          0x20000260        0x0 load address 0x0800cf90
 *(.tdata .tdata.* .gnu.linkonce.td.*)
                0x20000260                        . = ALIGN (0x4)
                0x20000260                        _edata = .
                [!provide]                        PROVIDE (__data_end = .)
                [!provide]                        PROVIDE (__tdata_end = .)
                [!provide]                        PROVIDE (__tdata_start = ADDR (.tdata))
                [!provide]                        PROVIDE (__tdata_size = (__tdata_end - __tdata_start))
                [!provide]                        PROVIDE (__data_start = ADDR (.data))
                [!provide]                        PROVIDE (__data_size = (__data_end - __data_start))
                [!provide]                        PROVIDE (__tdata_source = LOADADDR (.tdata))
                [!provide]                        PROVIDE (__tdata_source_end = (LOADADDR (.tdata) + SIZEOF (.tdata)))
                [!provide]                        PROVIDE (__tdata_source_size = (__tdata_source_end - __tdata_source))
                [!provide]                        PROVIDE (__data_source = LOADADDR (.data))
                [!provide]                        PROVIDE (__data_source_end = __tdata_source_end)
                [!provide]                        PROVIDE (__data_source_size = (__data_source_end - __data_source))

.tbss           0x20000260        0x0 load address 0x0800cf90
                0x20000260                        _sbss = .
                0x20000260                        __bss_start__ = _sbss
 *(.tbss .tbss.*)
                0x20000260                        . = ALIGN (0x4)
                [!provide]                        PROVIDE (__tbss_end = .)
                [!provide]                        PROVIDE (__tbss_start = ADDR (.tbss))
                [!provide]                        PROVIDE (__tbss_size = (__tbss_end - __tbss_start))
                [!provide]                        PROVIDE (__tbss_offset = (ADDR (.tbss) - ADDR (.tdata)))
                [!provide]                        PROVIDE (__tls_base = __tdata_start)
                [!provide]                        PROVIDE (__tls_end = __tbss_end)
                [!provide]                        PROVIDE (__tls_size = (__tls_end - __tls_base))
                [!provide]                        PROVIDE (__tls_align = MAX (ALIGNOF (.tdata), ALIGNOF (.tbss)))
                [!provide]                        PROVIDE (__tls_size_align = (((__tls_size + __tls_align) - 0x1) & ~ ((__tls_align - 0x1))))
                [!provide]                        PROVIDE (__arm32_tls_tcb_offset = MAX (0x8, __tls_align))
                [!provide]                        PROVIDE (__arm64_tls_tcb_offset = MAX (0x10, __tls_align))

.bss            0x20000260      0x330 load address 0x0800cf90
 *(.bss)